<html>
<body>
<pre>
<h1>µVision Build Log</h1>
<h2>Tool Versions:</h2>
IDE-Version: ¦ÌVision V5.24.2.0
Copyright (C) 2017 ARM Ltd and ARM Germany GmbH. All rights reserved.
License Information: zl lei, aite, LIC=----
 
Tool Versions:
Toolchain:       MDK-Lite  Version: 5.24.1
Toolchain Path:  D:\soft\keil5\ARM\ARMCC\Bin
C Compiler:      Armcc.exe V5.06 update 5 (build 528)
Assembler:       Armasm.exe V5.06 update 5 (build 528)
Linker/Locator:  ArmLink.exe V5.06 update 5 (build 528)
Library Manager: ArmAr.exe V5.06 update 5 (build 528)
Hex Converter:   FromElf.exe V5.06 update 5 (build 528)
CPU DLL:         SARMCM3.DLL V5.24.1
Dialog DLL:      DCM.DLL V1.16.0.0
Target DLL:      STLink\ST-LINKIII-KEIL_SWO.dll V3.0.1.0
Dialog DLL:      TCM.DLL V1.32.0.0
 
<h2>Project:</h2>
E:\STM32CubeMX\modbus_tmp\moddbus_tmp\MDK-ARM\moddbus_tmp.uvprojx
Project File Date:  09/13/2018

<h2>Output:</h2>
*** Using Compiler 'V5.06 update 5 (build 528)', folder: 'D:\soft\keil5\ARM\ARMCC\Bin'
Rebuild target 'moddbus_tmp'
compiling mbrtu.c...
freemodbus\modbus\rtu\mbrtu.c(154): warning:  #550-D: variable "xFrameReceived"  was set but never used
      BOOL            xFrameReceived = FALSE;
freemodbus\modbus\rtu\mbrtu.c: 1 warning, 0 errors
assembling startup_stm32f103xe.s...
compiling mbcrc.c...
compiling mbfunccoils.c...
compiling mbfuncdisc.c...
compiling mbfuncdiag.c...
compiling mbfuncholding.c...
compiling mbfuncinput.c...
compiling mbfuncother.c...
compiling mbutils.c...
compiling portevent.c...
compiling mbascii.c...
compiling mb.c...
.\myfunctions\bsp_led.h(11): warning:  #1295-D: Deprecated declaration open_blue_led - give arg types
  extern void open_blue_led();
.\myfunctions\bsp_led.h(13): warning:  #1295-D: Deprecated declaration open_green_led - give arg types
  extern void open_green_led();
.\myfunctions\bsp_led.h(15): warning:  #1295-D: Deprecated declaration open_red_led - give arg types
  extern void open_red_led();
freemodbus\modbus\mb.c: 3 warnings, 0 errors
compiling porttimer.c...
compiling demo.c...
.\myfunctions\bsp_led.h(11): warning:  #1295-D: Deprecated declaration open_blue_led - give arg types
  extern void open_blue_led();
.\myfunctions\bsp_led.h(13): warning:  #1295-D: Deprecated declaration open_green_led - give arg types
  extern void open_green_led();
.\myfunctions\bsp_led.h(15): warning:  #1295-D: Deprecated declaration open_red_led - give arg types
  extern void open_red_led();
freemodbus\demo.c(49): warning:  #550-D: variable "eStatus"  was set but never used
      eMBErrorCode    eStatus;
freemodbus\demo.c: 4 warnings, 0 errors
compiling portserial.c...
compiling main.c...
.\myfunctions\bsp_led.h(11): warning:  #1295-D: Deprecated declaration open_blue_led - give arg types
  extern void open_blue_led();
.\myfunctions\bsp_led.h(13): warning:  #1295-D: Deprecated declaration open_green_led - give arg types
  extern void open_green_led();
.\myfunctions\bsp_led.h(15): warning:  #1295-D: Deprecated declaration open_red_led - give arg types
  extern void open_red_led();
../Src/main.c: 3 warnings, 0 errors
compiling gpio.c...
compiling tim.c...
compiling usart.c...
compiling stm32f1xx_it.c...
compiling stm32f1xx_hal_gpio_ex.c...
compiling stm32f1xx_hal_msp.c...
compiling stm32f1xx_hal_tim.c...
compiling stm32f1xx_hal_tim_ex.c...
compiling stm32f1xx_hal.c...
compiling stm32f1xx_hal_uart.c...
compiling stm32f1xx_hal_rcc_ex.c...
compiling stm32f1xx_hal_rcc.c...
compiling stm32f1xx_hal_gpio.c...
compiling stm32f1xx_hal_dma.c...
compiling stm32f1xx_hal_pwr.c...
compiling stm32f1xx_hal_cortex.c...
compiling stm32f1xx_hal_flash.c...
compiling stm32f1xx_hal_flash_ex.c...
compiling system_stm32f1xx.c...
compiling bsp_led.c...
myfunctions\bsp_led.h(11): warning:  #1295-D: Deprecated declaration open_blue_led - give arg types
  extern void open_blue_led();
myfunctions\bsp_led.h(13): warning:  #1295-D: Deprecated declaration open_green_led - give arg types
  extern void open_green_led();
myfunctions\bsp_led.h(15): warning:  #1295-D: Deprecated declaration open_red_led - give arg types
  extern void open_red_led();
myfunctions\bsp_led.c: 3 warnings, 0 errors
compiling uart_printf.c...
linking...
Program Size: Code=10384 RO-data=872 RW-data=240 ZI-data=1608  
FromELF: creating hex file...
"moddbus_tmp\moddbus_tmp.axf" - 0 Error(s), 14 Warning(s).

<h2>Software Packages used:</h2>

Package Vendor: ARM
                http://www.keil.com/pack/ARM.CMSIS.5.0.1.pack
                ARM.CMSIS.5.0.1
                CMSIS (Cortex Microcontroller Software Interface Standard)
   * Component: CORE Version: 5.0.1

Package Vendor: Keil
                http://www.keil.com/pack/Keil.STM32F1xx_DFP.2.2.0.pack
                Keil.STM32F1xx_DFP.2.2.0
                STMicroelectronics STM32F1 Series Device Support, Drivers and Examples

<h2>Collection of Component include folders:</h2>
  .\RTE\_moddbus_tmp
  D:\soft\keil5\ARM\PACK\ARM\CMSIS\5.0.1\CMSIS\Include
  D:\soft\keil5\ARM\PACK\Keil\STM32F1xx_DFP\2.2.0\Device\Include

<h2>Collection of Component Files used:</h2>

   * Component: ARM::CMSIS:CORE:5.0.1
Build Time Elapsed:  00:00:19
</pre>
</body>
</html>
