Component: ARM Compiler 5.06 update 5 (build 528) Tool: armlink [4d35e2]

==============================================================================

Section Cross References

    startup_stm32f103xe.o(RESET) refers to startup_stm32f103xe.o(STACK) for __initial_sp
    startup_stm32f103xe.o(RESET) refers to startup_stm32f103xe.o(.text) for Reset_Handler
    startup_stm32f103xe.o(RESET) refers to stm32f1xx_it.o(i.NMI_Handler) for NMI_Handler
    startup_stm32f103xe.o(RESET) refers to stm32f1xx_it.o(i.HardFault_Handler) for HardFault_Handler
    startup_stm32f103xe.o(RESET) refers to stm32f1xx_it.o(i.MemManage_Handler) for MemManage_Handler
    startup_stm32f103xe.o(RESET) refers to stm32f1xx_it.o(i.BusFault_Handler) for BusFault_Handler
    startup_stm32f103xe.o(RESET) refers to stm32f1xx_it.o(i.UsageFault_Handler) for UsageFault_Handler
    startup_stm32f103xe.o(RESET) refers to stm32f1xx_it.o(i.SVC_Handler) for SVC_Handler
    startup_stm32f103xe.o(RESET) refers to stm32f1xx_it.o(i.DebugMon_Handler) for DebugMon_Handler
    startup_stm32f103xe.o(RESET) refers to stm32f1xx_it.o(i.PendSV_Handler) for PendSV_Handler
    startup_stm32f103xe.o(RESET) refers to stm32f1xx_it.o(i.SysTick_Handler) for SysTick_Handler
    startup_stm32f103xe.o(RESET) refers to stm32f1xx_it.o(i.USART3_IRQHandler) for USART3_IRQHandler
    startup_stm32f103xe.o(RESET) refers to stm32f1xx_it.o(i.TIM6_IRQHandler) for TIM6_IRQHandler
    startup_stm32f103xe.o(.text) refers to system_stm32f1xx.o(i.SystemInit) for SystemInit
    startup_stm32f103xe.o(.text) refers to entry.o(.ARM.Collect$$$$00000000) for __main
    mbcrc.o(i.usMBCRC16) refers to mbcrc.o(.constdata) for .constdata
    mbrtu.o(i.eMBRTUInit) refers to portserial.o(i.xMBPortSerialInit) for xMBPortSerialInit
    mbrtu.o(i.eMBRTUInit) refers to porttimer.o(i.xMBPortTimersInit) for xMBPortTimersInit
    mbrtu.o(i.eMBRTUReceive) refers to mbcrc.o(i.usMBCRC16) for usMBCRC16
    mbrtu.o(i.eMBRTUReceive) refers to mbrtu.o(.data) for .data
    mbrtu.o(i.eMBRTUReceive) refers to mbrtu.o(.bss) for .bss
    mbrtu.o(i.eMBRTUSend) refers to mbcrc.o(i.usMBCRC16) for usMBCRC16
    mbrtu.o(i.eMBRTUSend) refers to portserial.o(i.vMBPortSerialEnable) for vMBPortSerialEnable
    mbrtu.o(i.eMBRTUSend) refers to mbrtu.o(.data) for .data
    mbrtu.o(i.eMBRTUSend) refers to mbrtu.o(.bss) for .bss
    mbrtu.o(i.eMBRTUStart) refers to portserial.o(i.vMBPortSerialEnable) for vMBPortSerialEnable
    mbrtu.o(i.eMBRTUStart) refers to porttimer.o(i.vMBPortTimersEnable) for vMBPortTimersEnable
    mbrtu.o(i.eMBRTUStart) refers to mbrtu.o(.data) for .data
    mbrtu.o(i.eMBRTUStop) refers to portserial.o(i.vMBPortSerialEnable) for vMBPortSerialEnable
    mbrtu.o(i.eMBRTUStop) refers to porttimer.o(i.vMBPortTimersDisable) for vMBPortTimersDisable
    mbrtu.o(i.xMBRTUReceiveFSM) refers to portserial.o(i.xMBPortSerialGetByte) for xMBPortSerialGetByte
    mbrtu.o(i.xMBRTUReceiveFSM) refers to porttimer.o(i.vMBPortTimersEnable) for vMBPortTimersEnable
    mbrtu.o(i.xMBRTUReceiveFSM) refers to mbrtu.o(.data) for .data
    mbrtu.o(i.xMBRTUReceiveFSM) refers to mbrtu.o(.bss) for .bss
    mbrtu.o(i.xMBRTUTimerT35Expired) refers to portevent.o(i.xMBPortEventPost) for xMBPortEventPost
    mbrtu.o(i.xMBRTUTimerT35Expired) refers to porttimer.o(i.vMBPortTimersDisable) for vMBPortTimersDisable
    mbrtu.o(i.xMBRTUTimerT35Expired) refers to mbrtu.o(.data) for .data
    mbrtu.o(i.xMBRTUTransmitFSM) refers to portserial.o(i.vMBPortSerialEnable) for vMBPortSerialEnable
    mbrtu.o(i.xMBRTUTransmitFSM) refers to portserial.o(i.xMBPortSerialPutByte) for xMBPortSerialPutByte
    mbrtu.o(i.xMBRTUTransmitFSM) refers to portevent.o(i.xMBPortEventPost) for xMBPortEventPost
    mbrtu.o(i.xMBRTUTransmitFSM) refers to mbrtu.o(.data) for .data
    mb.o(i.eMBClose) refers to mb.o(.data) for .data
    mb.o(i.eMBDisable) refers to mb.o(.data) for .data
    mb.o(i.eMBEnable) refers to mb.o(.data) for .data
    mb.o(i.eMBInit) refers to mbrtu.o(i.eMBRTUInit) for eMBRTUInit
    mb.o(i.eMBInit) refers to mbascii.o(i.eMBASCIIInit) for eMBASCIIInit
    mb.o(i.eMBInit) refers to portevent.o(i.xMBPortEventInit) for xMBPortEventInit
    mb.o(i.eMBInit) refers to mb.o(.data) for .data
    mb.o(i.eMBInit) refers to mbrtu.o(i.eMBRTUStart) for eMBRTUStart
    mb.o(i.eMBInit) refers to mbrtu.o(i.eMBRTUStop) for eMBRTUStop
    mb.o(i.eMBInit) refers to mbrtu.o(i.eMBRTUSend) for eMBRTUSend
    mb.o(i.eMBInit) refers to mbrtu.o(i.eMBRTUReceive) for eMBRTUReceive
    mb.o(i.eMBInit) refers to mbrtu.o(i.xMBRTUReceiveFSM) for xMBRTUReceiveFSM
    mb.o(i.eMBInit) refers to mbrtu.o(i.xMBRTUTransmitFSM) for xMBRTUTransmitFSM
    mb.o(i.eMBInit) refers to mbrtu.o(i.xMBRTUTimerT35Expired) for xMBRTUTimerT35Expired
    mb.o(i.eMBInit) refers to mbascii.o(i.eMBASCIIStart) for eMBASCIIStart
    mb.o(i.eMBInit) refers to mbascii.o(i.eMBASCIIStop) for eMBASCIIStop
    mb.o(i.eMBInit) refers to mbascii.o(i.eMBASCIISend) for eMBASCIISend
[...]
    Removing stm32f1xx_hal.o(i.HAL_GetTickFreq), (12 bytes).
    Removing stm32f1xx_hal.o(i.HAL_GetTickPrio), (12 bytes).
    Removing stm32f1xx_hal.o(i.HAL_GetUID), (28 bytes).
    Removing stm32f1xx_hal.o(i.HAL_MspDeInit), (2 bytes).
    Removing stm32f1xx_hal.o(i.HAL_MspInit), (2 bytes).
    Removing stm32f1xx_hal.o(i.HAL_ResumeTick), (14 bytes).
    Removing stm32f1xx_hal.o(i.HAL_SetTickFreq), (28 bytes).
    Removing stm32f1xx_hal.o(i.HAL_SuspendTick), (14 bytes).
    Removing stm32f1xx_hal_rcc.o(.rev16_text), (4 bytes).
    Removing stm32f1xx_hal_rcc.o(.revsh_text), (4 bytes).
    Removing stm32f1xx_hal_rcc.o(.rrx_text), (6 bytes).
    Removing stm32f1xx_hal_rcc.o(i.HAL_RCC_CSSCallback), (2 bytes).
    Removing stm32f1xx_hal_rcc.o(i.HAL_RCC_DeInit), (216 bytes).
    Removing stm32f1xx_hal_rcc.o(i.HAL_RCC_DisableCSS), (12 bytes).
    Removing stm32f1xx_hal_rcc.o(i.HAL_RCC_EnableCSS), (12 bytes).
    Removing stm32f1xx_hal_rcc.o(i.HAL_RCC_GetClockConfig), (64 bytes).
    Removing stm32f1xx_hal_rcc.o(i.HAL_RCC_GetOscConfig), (144 bytes).
    Removing stm32f1xx_hal_rcc.o(i.HAL_RCC_MCOConfig), (72 bytes).
    Removing stm32f1xx_hal_rcc.o(i.HAL_RCC_NMI_IRQHandler), (24 bytes).
    Removing stm32f1xx_hal_rcc_ex.o(.rev16_text), (4 bytes).
    Removing stm32f1xx_hal_rcc_ex.o(.revsh_text), (4 bytes).
    Removing stm32f1xx_hal_rcc_ex.o(.rrx_text), (6 bytes).
    Removing stm32f1xx_hal_rcc_ex.o(i.HAL_RCCEx_GetPeriphCLKConfig), (52 bytes).
    Removing stm32f1xx_hal_rcc_ex.o(i.HAL_RCCEx_GetPeriphCLKFreq), (212 bytes).
    Removing stm32f1xx_hal_rcc_ex.o(i.HAL_RCCEx_PeriphCLKConfig), (236 bytes).
    Removing stm32f1xx_hal_gpio.o(.rev16_text), (4 bytes).
    Removing stm32f1xx_hal_gpio.o(.revsh_text), (4 bytes).
    Removing stm32f1xx_hal_gpio.o(.rrx_text), (6 bytes).
    Removing stm32f1xx_hal_gpio.o(i.HAL_GPIO_DeInit), (256 bytes).
    Removing stm32f1xx_hal_gpio.o(i.HAL_GPIO_EXTI_Callback), (2 bytes).
    Removing stm32f1xx_hal_gpio.o(i.HAL_GPIO_EXTI_IRQHandler), (24 bytes).
    Removing stm32f1xx_hal_gpio.o(i.HAL_GPIO_LockPin), (34 bytes).
    Removing stm32f1xx_hal_gpio.o(i.HAL_GPIO_ReadPin), (10 bytes).
    Removing stm32f1xx_hal_gpio.o(i.HAL_GPIO_TogglePin), (8 bytes).
    Removing stm32f1xx_hal_dma.o(.rev16_text), (4 bytes).
    Removing stm32f1xx_hal_dma.o(.revsh_text), (4 bytes).
    Removing stm32f1xx_hal_dma.o(.rrx_text), (6 bytes).
    Removing stm32f1xx_hal_dma.o(i.DMA_SetConfig), (42 bytes).
    Removing stm32f1xx_hal_dma.o(i.HAL_DMA_Abort), (48 bytes).
    Removing stm32f1xx_hal_dma.o(i.HAL_DMA_DeInit), (120 bytes).
    Removing stm32f1xx_hal_dma.o(i.HAL_DMA_GetError), (4 bytes).
    Removing stm32f1xx_hal_dma.o(i.HAL_DMA_GetState), (6 bytes).
    Removing stm32f1xx_hal_dma.o(i.HAL_DMA_IRQHandler), (584 bytes).
    Removing stm32f1xx_hal_dma.o(i.HAL_DMA_Init), (132 bytes).
    Removing stm32f1xx_hal_dma.o(i.HAL_DMA_PollForTransfer), (988 bytes).
    Removing stm32f1xx_hal_dma.o(i.HAL_DMA_RegisterCallback), (74 bytes).
    Removing stm32f1xx_hal_dma.o(i.HAL_DMA_Start), (80 bytes).
    Removing stm32f1xx_hal_dma.o(i.HAL_DMA_Start_IT), (112 bytes).
    Removing stm32f1xx_hal_dma.o(i.HAL_DMA_UnRegisterCallback), (82 bytes).
    Removing stm32f1xx_hal_cortex.o(.rev16_text), (4 bytes).
    Removing stm32f1xx_hal_cortex.o(.revsh_text), (4 bytes).
    Removing stm32f1xx_hal_cortex.o(.rrx_text), (6 bytes).
    Removing stm32f1xx_hal_cortex.o(i.HAL_NVIC_DisableIRQ), (22 bytes).
    Removing stm32f1xx_hal_cortex.o(i.HAL_NVIC_GetActive), (32 bytes).
    Removing stm32f1xx_hal_cortex.o(i.HAL_NVIC_GetPendingIRQ), (32 bytes).
    Removing stm32f1xx_hal_cortex.o(i.HAL_NVIC_GetPriority), (82 bytes).
    Removing stm32f1xx_hal_cortex.o(i.HAL_NVIC_GetPriorityGrouping), (16 bytes).
    Removing stm32f1xx_hal_cortex.o(i.HAL_NVIC_SetPendingIRQ), (22 bytes).
    Removing stm32f1xx_hal_cortex.o(i.HAL_NVIC_SystemReset), (36 bytes).
    Removing stm32f1xx_hal_pwr.o(.rev16_text), (4 bytes).
    Removing stm32f1xx_hal_pwr.o(.revsh_text), (4 bytes).
    Removing stm32f1xx_hal_pwr.o(.rrx_text), (6 bytes).
    Removing stm32f1xx_hal_pwr.o(i.HAL_PWR_ConfigPVD), (124 bytes).
    Removing stm32f1xx_hal_pwr.o(i.HAL_PWR_DeInit), (24 bytes).
    Removing stm32f1xx_hal_pwr.o(i.HAL_PWR_DisableBkUpAccess), (12 bytes).
    Removing stm32f1xx_hal_pwr.o(i.HAL_PWR_DisablePVD), (12 bytes).
    Removing stm32f1xx_hal_pwr.o(i.HAL_PWR_DisableSEVOnPend), (16 bytes).
    Removing stm32f1xx_hal_pwr.o(i.HAL_PWR_DisableSleepOnExit), (16 bytes).
    Removing stm32f1xx_hal_pwr.o(i.HAL_PWR_DisableWakeUpPin), (28 bytes).
    Removing stm32f1xx_hal_pwr.o(i.HAL_PWR_EnableBkUpAccess), (12 bytes).
    Removing stm32f1xx_hal_pwr.o(i.HAL_PWR_EnablePVD), (12 bytes).
    Removing stm32f1xx_hal_pwr.o(i.HAL_PWR_EnableSEVOnPend), (16 bytes).
    Removing stm32f1xx_hal_pwr.o(i.HAL_PWR_EnableSleepOnExit), (16 bytes).
    Removing stm32f1xx_hal_pwr.o(i.HAL_PWR_EnableWakeUpPin), (28 bytes).
    Removing stm32f1xx_hal_pwr.o(i.HAL_PWR_EnterSLEEPMode), (32 bytes).
    Removing stm32f1xx_hal_pwr.o(i.HAL_PWR_EnterSTANDBYMode), (32 bytes).
    Removing stm32f1xx_hal_pwr.o(i.HAL_PWR_EnterSTOPMode), (68 bytes).
    Removing stm32f1xx_hal_pwr.o(i.HAL_PWR_PVDCallback), (2 bytes).
    Removing stm32f1xx_hal_pwr.o(i.HAL_PWR_PVD_IRQHandler), (28 bytes).
    Removing stm32f1xx_hal_pwr.o(i.PWR_OverloadWfe), (6 bytes).
    Removing stm32f1xx_hal_flash.o(.rev16_text), (4 bytes).
    Removing stm32f1xx_hal_flash.o(.revsh_text), (4 bytes).
    Removing stm32f1xx_hal_flash.o(.rrx_text), (6 bytes).
    Removing stm32f1xx_hal_flash.o(i.FLASH_Program_HalfWord), (28 bytes).
    Removing stm32f1xx_hal_flash.o(i.FLASH_SetErrorCode), (92 bytes).
    Removing stm32f1xx_hal_flash.o(i.FLASH_WaitForLastOperation), (84 bytes).
    Removing stm32f1xx_hal_flash.o(i.HAL_FLASH_EndOfOperationCallback), (2 bytes).
    Removing stm32f1xx_hal_flash.o(i.HAL_FLASH_GetError), (12 bytes).
    Removing stm32f1xx_hal_flash.o(i.HAL_FLASH_IRQHandler), (264 bytes).
    Removing stm32f1xx_hal_flash.o(i.HAL_FLASH_Lock), (20 bytes).
    Removing stm32f1xx_hal_flash.o(i.HAL_FLASH_OB_Launch), (4 bytes).
    Removing stm32f1xx_hal_flash.o(i.HAL_FLASH_OB_Lock), (20 bytes).
    Removing stm32f1xx_hal_flash.o(i.HAL_FLASH_OB_Unlock), (36 bytes).
    Removing stm32f1xx_hal_flash.o(i.HAL_FLASH_OperationErrorCallback), (2 bytes).
    Removing stm32f1xx_hal_flash.o(i.HAL_FLASH_Program), (128 bytes).
    Removing stm32f1xx_hal_flash.o(i.HAL_FLASH_Program_IT), (100 bytes).
    Removing stm32f1xx_hal_flash.o(i.HAL_FLASH_Unlock), (40 bytes).
    Removing stm32f1xx_hal_flash.o(.bss), (32 bytes).
    Removing stm32f1xx_hal_flash_ex.o(.rev16_text), (4 bytes).
    Removing stm32f1xx_hal_flash_ex.o(.revsh_text), (4 bytes).
    Removing stm32f1xx_hal_flash_ex.o(.rrx_text), (6 bytes).
    Removing stm32f1xx_hal_flash_ex.o(i.FLASH_MassErase), (36 bytes).
    Removing stm32f1xx_hal_flash_ex.o(i.FLASH_OB_DisableWRP), (176 bytes).
    Removing stm32f1xx_hal_flash_ex.o(i.FLASH_OB_EnableWRP), (176 bytes).
    Removing stm32f1xx_hal_flash_ex.o(i.FLASH_OB_GetRDP), (24 bytes).
    Removing stm32f1xx_hal_flash_ex.o(i.FLASH_OB_RDP_LevelConfig), (100 bytes).
    Removing stm32f1xx_hal_flash_ex.o(i.FLASH_PageErase), (36 bytes).
    Removing stm32f1xx_hal_flash_ex.o(i.HAL_FLASHEx_Erase), (168 bytes).
    Removing stm32f1xx_hal_flash_ex.o(i.HAL_FLASHEx_Erase_IT), (84 bytes).
    Removing stm32f1xx_hal_flash_ex.o(i.HAL_FLASHEx_OBErase), (84 bytes).
    Removing stm32f1xx_hal_flash_ex.o(i.HAL_FLASHEx_OBGetConfig), (36 bytes).
    Removing stm32f1xx_hal_flash_ex.o(i.HAL_FLASHEx_OBGetUserData), (32 bytes).
    Removing stm32f1xx_hal_flash_ex.o(i.HAL_FLASHEx_OBProgram), (200 bytes).
    Removing system_stm32f1xx.o(.rev16_text), (4 bytes).
    Removing system_stm32f1xx.o(.revsh_text), (4 bytes).
    Removing system_stm32f1xx.o(.rrx_text), (6 bytes).
    Removing system_stm32f1xx.o(i.SystemCoreClockUpdate), (104 bytes).
    Removing bsp_led.o(.rev16_text), (4 bytes).
    Removing bsp_led.o(.revsh_text), (4 bytes).
    Removing bsp_led.o(.rrx_text), (6 bytes).
    Removing uart_printf.o(.rev16_text), (4 bytes).
    Removing uart_printf.o(.revsh_text), (4 bytes).
    Removing uart_printf.o(.rrx_text), (6 bytes).
    Removing dadd.o(.text), (334 bytes).
    Removing dmul.o(.text), (228 bytes).
    Removing ddiv.o(.text), (222 bytes).
    Removing dfixul.o(.text), (48 bytes).
    Removing cdrcmple.o(.text), (48 bytes).
    Removing depilogue.o(.text), (186 bytes).

369 unused section(s) (total 21384 bytes) removed from the image.

==============================================================================

Image Symbol Table

    Local Symbols

    Symbol Name                              Value     Ov Type        Size  Object(Section)

    ..//Src/system_stm32f1xx.c               0x00000000   Number         0  system_stm32f1xx.o ABSOLUTE
    ../Drivers/STM32F1xx_HAL_Driver/Src/stm32f1xx_hal.c 0x00000000   Number         0  stm32f1xx_hal.o ABSOLUTE
    ../Drivers/STM32F1xx_HAL_Driver/Src/stm32f1xx_hal_cortex.c 0x00000000   Number         0  stm32f1xx_hal_cortex.o ABSOLUTE
    ../Drivers/STM32F1xx_HAL_Driver/Src/stm32f1xx_hal_dma.c 0x00000000   Number         0  stm32f1xx_hal_dma.o ABSOLUTE
    ../Drivers/STM32F1xx_HAL_Driver/Src/stm32f1xx_hal_flash.c 0x00000000   Number         0  stm32f1xx_hal_flash.o ABSOLUTE
    ../Drivers/STM32F1xx_HAL_Driver/Src/stm32f1xx_hal_flash_ex.c 0x00000000   Number         0  stm32f1xx_hal_flash_ex.o ABSOLUTE
    ../Drivers/STM32F1xx_HAL_Driver/Src/stm32f1xx_hal_gpio.c 0x00000000   Number         0  stm32f1xx_hal_gpio.o ABSOLUTE
    ../Drivers/STM32F1xx_HAL_Driver/Src/stm32f1xx_hal_gpio_ex.c 0x00000000   Number         0  stm32f1xx_hal_gpio_ex.o ABSOLUTE
    ../Drivers/STM32F1xx_HAL_Driver/Src/stm32f1xx_hal_pwr.c 0x00000000   Number         0  stm32f1xx_hal_pwr.o ABSOLUTE
    ../Drivers/STM32F1xx_HAL_Driver/Src/stm32f1xx_hal_rcc.c 0x00000000   Number         0  stm32f1xx_hal_rcc.o ABSOLUTE
    ../Drivers/STM32F1xx_HAL_Driver/Src/stm32f1xx_hal_rcc_ex.c 0x00000000   Number         0  stm32f1xx_hal_rcc_ex.o ABSOLUTE
    ../Drivers/STM32F1xx_HAL_Driver/Src/stm32f1xx_hal_tim.c 0x00000000   Number         0  stm32f1xx_hal_tim.o ABSOLUTE
    ../Drivers/STM32F1xx_HAL_Driver/Src/stm32f1xx_hal_tim_ex.c 0x00000000   Number         0  stm32f1xx_hal_tim_ex.o ABSOLUTE
    ../Drivers/STM32F1xx_HAL_Driver/Src/stm32f1xx_hal_uart.c 0x00000000   Number         0  stm32f1xx_hal_uart.o ABSOLUTE
    ../Src/gpio.c                            0x00000000   Number         0  gpio.o ABSOLUTE
    ../Src/main.c                            0x00000000   Number         0  main.o ABSOLUTE
    ../Src/stm32f1xx_hal_msp.c               0x00000000   Number         0  stm32f1xx_hal_msp.o ABSOLUTE
    ../Src/stm32f1xx_it.c                    0x00000000   Number         0  stm32f1xx_it.o ABSOLUTE
    ../Src/tim.c                             0x00000000   Number         0  tim.o ABSOLUTE
    ../Src/usart.c                           0x00000000   Number         0  usart.o ABSOLUTE
    ../clib/microlib/division.c              0x00000000   Number         0  uidiv.o ABSOLUTE
    ../clib/microlib/division.c              0x00000000   Number         0  uldiv.o ABSOLUTE
    ../clib/microlib/init/entry.s            0x00000000   Number         0  entry.o ABSOLUTE
    ../clib/microlib/init/entry.s            0x00000000   Number         0  entry10b.o ABSOLUTE
    ../clib/microlib/init/entry.s            0x00000000   Number         0  entry9b.o ABSOLUTE
    ../clib/microlib/init/entry.s            0x00000000   Number         0  entry10a.o ABSOLUTE
    ../clib/microlib/init/entry.s            0x00000000   Number         0  entry11b.o ABSOLUTE
    ../clib/microlib/init/entry.s            0x00000000   Number         0  entry2.o ABSOLUTE
    ../clib/microlib/init/entry.s            0x00000000   Number         0  entry5.o ABSOLUTE
    ../clib/microlib/init/entry.s            0x00000000   Number         0  entry7a.o ABSOLUTE
    ../clib/microlib/init/entry.s            0x00000000   Number         0  entry7b.o ABSOLUTE
    ../clib/microlib/init/entry.s            0x00000000   Number         0  entry8a.o ABSOLUTE
    ../clib/microlib/init/entry.s            0x00000000   Number         0  entry8b.o ABSOLUTE
    ../clib/microlib/init/entry.s            0x00000000   Number         0  entry9a.o ABSOLUTE
    ../clib/microlib/init/entry.s            0x00000000   Number         0  entry11a.o ABSOLUTE
    ../clib/microlib/longlong.c              0x00000000   Number         0  llushr.o ABSOLUTE
    ../clib/microlib/longlong.c              0x00000000   Number         0  llshl.o ABSOLUTE
    ../clib/microlib/longlong.c              0x00000000   Number         0  llsshr.o ABSOLUTE
    ../clib/microlib/printf/printf.c         0x00000000   Number         0  printf6.o ABSOLUTE
    ../clib/microlib/printf/printf.c         0x00000000   Number         0  printfb.o ABSOLUTE
    ../clib/microlib/printf/printf.c         0x00000000   Number         0  printf0.o ABSOLUTE
    ../clib/microlib/printf/printf.c         0x00000000   Number         0  printf4.o ABSOLUTE
    ../clib/microlib/printf/printf.c         0x00000000   Number         0  printf1.o ABSOLUTE
    ../clib/microlib/printf/printf.c         0x00000000   Number         0  printf2.o ABSOLUTE
    ../clib/microlib/printf/printf.c         0x00000000   Number         0  printfa.o ABSOLUTE
    ../clib/microlib/printf/printf.c         0x00000000   Number         0  printf7.o ABSOLUTE
    ../clib/microlib/printf/printf.c         0x00000000   Number         0  printf8.o ABSOLUTE
    ../clib/microlib/printf/printf.c         0x00000000   Number         0  printf3.o ABSOLUTE
    ../clib/microlib/printf/printf.c         0x00000000   Number         0  printf5.o ABSOLUTE
    ../clib/microlib/printf/stubs.s          0x00000000   Number         0  stubs.o ABSOLUTE
    ../clib/microlib/stdio/streams.c         0x00000000   Number         0  stdout.o ABSOLUTE
    ../clib/microlib/stdlib/abort.c          0x00000000   Number         0  abort.o ABSOLUTE
    ../clib/microlib/string/memcpy.c         0x00000000   Number         0  memcpya.o ABSOLUTE
    ../clib/microlib/string/memcpy.c         0x00000000   Number         0  memcpyb.o ABSOLUTE
    ../clib/microlib/stubs.s                 0x00000000   Number         0  iusefp.o ABSOLUTE
    ../fplib/microlib/fpadd.c                0x00000000   Number         0  dadd.o ABSOLUTE
    ../fplib/microlib/fpdiv.c                0x00000000   Number         0  ddiv.o ABSOLUTE
    ../fplib/microlib/fpepilogue.c           0x00000000   Number         0  depilogue.o ABSOLUTE
    ../fplib/microlib/fpfix.c                0x00000000   Number         0  dfixul.o ABSOLUTE
    ../fplib/microlib/fpmul.c                0x00000000   Number         0  dmul.o ABSOLUTE
    ..\Drivers\STM32F1xx_HAL_Driver\Src\stm32f1xx_hal.c 0x00000000   Number         0  stm32f1xx_hal.o ABSOLUTE
    ..\Drivers\STM32F1xx_HAL_Driver\Src\stm32f1xx_hal_cortex.c 0x00000000   Number         0  stm32f1xx_hal_cortex.o ABSOLUTE
    ..\Drivers\STM32F1xx_HAL_Driver\Src\stm32f1xx_hal_dma.c 0x00000000   Number         0  stm32f1xx_hal_dma.o ABSOLUTE
    ..\Drivers\STM32F1xx_HAL_Driver\Src\stm32f1xx_hal_flash.c 0x00000000   Number         0  stm32f1xx_hal_flash.o ABSOLUTE
    ..\Drivers\STM32F1xx_HAL_Driver\Src\stm32f1xx_hal_flash_ex.c 0x00000000   Number         0  stm32f1xx_hal_flash_ex.o ABSOLUTE
    ..\Drivers\STM32F1xx_HAL_Driver\Src\stm32f1xx_hal_gpio.c 0x00000000   Number         0  stm32f1xx_hal_gpio.o ABSOLUTE
    ..\Drivers\STM32F1xx_HAL_Driver\Src\stm32f1xx_hal_gpio_ex.c 0x00000000   Number         0  stm32f1xx_hal_gpio_ex.o ABSOLUTE
    ..\Drivers\STM32F1xx_HAL_Driver\Src\stm32f1xx_hal_pwr.c 0x00000000   Number         0  stm32f1xx_hal_pwr.o ABSOLUTE
    ..\Drivers\STM32F1xx_HAL_Driver\Src\stm32f1xx_hal_rcc.c 0x00000000   Number         0  stm32f1xx_hal_rcc.o ABSOLUTE
    ..\Drivers\STM32F1xx_HAL_Driver\Src\stm32f1xx_hal_rcc_ex.c 0x00000000   Number         0  stm32f1xx_hal_rcc_ex.o ABSOLUTE
    ..\Drivers\STM32F1xx_HAL_Driver\Src\stm32f1xx_hal_tim.c 0x00000000   Number         0  stm32f1xx_hal_tim.o ABSOLUTE
    ..\Drivers\STM32F1xx_HAL_Driver\Src\stm32f1xx_hal_tim_ex.c 0x00000000   Number         0  stm32f1xx_hal_tim_ex.o ABSOLUTE
    ..\Drivers\STM32F1xx_HAL_Driver\Src\stm32f1xx_hal_uart.c 0x00000000   Number         0  stm32f1xx_hal_uart.o ABSOLUTE
    ..\Src\gpio.c                            0x00000000   Number         0  gpio.o ABSOLUTE
    ..\Src\main.c                            0x00000000   Number         0  main.o ABSOLUTE
    ..\Src\stm32f1xx_hal_msp.c               0x00000000   Number         0  stm32f1xx_hal_msp.o ABSOLUTE
    ..\Src\stm32f1xx_it.c                    0x00000000   Number         0  stm32f1xx_it.o ABSOLUTE
    ..\Src\tim.c                             0x00000000   Number         0  tim.o ABSOLUTE
    ..\Src\usart.c                           0x00000000   Number         0  usart.o ABSOLUTE
    ..\\Src\system_stm32f1xx.c               0x00000000   Number         0  system_stm32f1xx.o ABSOLUTE
    cdrcmple.s                               0x00000000   Number         0  cdrcmple.o ABSOLUTE
    dc.s                                     0x00000000   Number         0  dc.o ABSOLUTE
    freemodbus\\demo.c                       0x00000000   Number         0  demo.o ABSOLUTE
    freemodbus\\modbus\\mb.c                 0x00000000   Number         0  mb.o ABSOLUTE
    freemodbus\\port\\portserial.c           0x00000000   Number         0  portserial.o ABSOLUTE
    freemodbus\\port\\porttimer.c            0x00000000   Number         0  porttimer.o ABSOLUTE
    freemodbus\demo.c                        0x00000000   Number         0  demo.o ABSOLUTE
    freemodbus\modbus\ascii\mbascii.c        0x00000000   Number         0  mbascii.o ABSOLUTE
    freemodbus\modbus\functions\mbfunccoils.c 0x00000000   Number         0  mbfunccoils.o ABSOLUTE
    freemodbus\modbus\functions\mbfuncdiag.c 0x00000000   Number         0  mbfuncdiag.o ABSOLUTE
    freemodbus\modbus\functions\mbfuncdisc.c 0x00000000   Number         0  mbfuncdisc.o ABSOLUTE
    freemodbus\modbus\functions\mbfuncholding.c 0x00000000   Number         0  mbfuncholding.o ABSOLUTE
    freemodbus\modbus\functions\mbfuncinput.c 0x00000000   Number         0  mbfuncinput.o ABSOLUTE
    freemodbus\modbus\functions\mbfuncother.c 0x00000000   Number         0  mbfuncother.o ABSOLUTE
    freemodbus\modbus\functions\mbutils.c    0x00000000   Number         0  mbutils.o ABSOLUTE
    freemodbus\modbus\mb.c                   0x00000000   Number         0  mb.o ABSOLUTE
    freemodbus\modbus\rtu\mbcrc.c            0x00000000   Number         0  mbcrc.o ABSOLUTE
    freemodbus\modbus\rtu\mbrtu.c            0x00000000   Number         0  mbrtu.o ABSOLUTE
    freemodbus\port\portevent.c              0x00000000   Number         0  portevent.o ABSOLUTE
    freemodbus\port\portserial.c             0x00000000   Number         0  portserial.o ABSOLUTE
    freemodbus\port\porttimer.c              0x00000000   Number         0  porttimer.o ABSOLUTE
    handlers.s                               0x00000000   Number         0  handlers.o ABSOLUTE
    init.s                                   0x00000000   Number         0  init.o ABSOLUTE
    myfunctions\\bsp_led.c                   0x00000000   Number         0  bsp_led.o ABSOLUTE
    myfunctions\\uart_printf.c               0x00000000   Number         0  uart_printf.o ABSOLUTE
    myfunctions\bsp_led.c                    0x00000000   Number         0  bsp_led.o ABSOLUTE
    myfunctions\uart_printf.c                0x00000000   Number         0  uart_printf.o ABSOLUTE
    startup_stm32f103xe.s                    0x00000000   Number         0  startup_stm32f103xe.o ABSOLUTE
    RESET                                    0x08000000   Section      304  startup_stm32f103xe.o(RESET)
    .ARM.Collect$$$$00000000                 0x08000130   Section        0  entry.o(.ARM.Collect$$$$00000000)
    .ARM.Collect$$$$00000001                 0x08000130   Section        4  entry2.o(.ARM.Collect$$$$00000001)
    .ARM.Collect$$$$00000004                 0x08000134   Section        4  entry5.o(.ARM.Collect$$$$00000004)
    .ARM.Collect$$$$00000008                 0x08000138   Section        0  entry7b.o(.ARM.Collect$$$$00000008)
    .ARM.Collect$$$$0000000A                 0x08000138   Section        0  entry8b.o(.ARM.Collect$$$$0000000A)
    .ARM.Collect$$$$0000000B                 0x08000138   Section        8  entry9a.o(.ARM.Collect$$$$0000000B)
    .ARM.Collect$$$$0000000D                 0x08000140   Section        0  entry10a.o(.ARM.Collect$$$$0000000D)
    .ARM.Collect$$$$0000000F                 0x08000140   Section        0  entry11a.o(.ARM.Collect$$$$0000000F)
    .ARM.Collect$$$$00002712                 0x08000140   Section        4  entry2.o(.ARM.Collect$$$$00002712)
    __lit__00000000                          0x08000140   Data           4  entry2.o(.ARM.Collect$$$$00002712)
    .text                                    0x08000144   Section       36  startup_stm32f103xe.o(.text)
    .text                                    0x08000168   Section        0  llushr.o(.text)
    .text                                    0x08000188   Section        0  memcpya.o(.text)
    .text                                    0x080001ac   Section        0  uldiv.o(.text)
    .text                                    0x08000210   Section       36  init.o(.text)
    .text                                    0x08000234   Section        0  llshl.o(.text)
    i.BusFault_Handler                       0x08000252   Section        0  stm32f1xx_it.o(i.BusFault_Handler)
    i.DebugMon_Handler                       0x08000254   Section        0  stm32f1xx_it.o(i.DebugMon_Handler)
    i.HAL_DMA_Abort_IT                       0x08000258   Section        0  stm32f1xx_hal_dma.o(i.HAL_DMA_Abort_IT)
    i.HAL_GPIO_Init                          0x08000388   Section        0  stm32f1xx_hal_gpio.o(i.HAL_GPIO_Init)
    i.HAL_GPIO_WritePin                      0x08000570   Section        0  stm32f1xx_hal_gpio.o(i.HAL_GPIO_WritePin)
    i.HAL_GetTick                            0x0800057c   Section        0  stm32f1xx_hal.o(i.HAL_GetTick)
    i.HAL_IncTick                            0x08000588   Section        0  stm32f1xx_hal.o(i.HAL_IncTick)
    i.HAL_Init                               0x08000598   Section        0  stm32f1xx_hal.o(i.HAL_Init)
    i.HAL_InitTick                           0x080005bc   Section        0  stm32f1xx_hal.o(i.HAL_InitTick)
    i.HAL_MspInit                            0x080005fc   Section        0  stm32f1xx_hal_msp.o(i.HAL_MspInit)
    i.HAL_NVIC_ClearPendingIRQ               0x0800068c   Section        0  stm32f1xx_hal_cortex.o(i.HAL_NVIC_ClearPendingIRQ)
    i.HAL_NVIC_EnableIRQ                     0x080006a2   Section        0  stm32f1xx_hal_cortex.o(i.HAL_NVIC_EnableIRQ)
    i.HAL_NVIC_SetPriority                   0x080006b8   Section        0  stm32f1xx_hal_cortex.o(i.HAL_NVIC_SetPriority)
    i.HAL_NVIC_SetPriorityGrouping           0x080006f8   Section        0  stm32f1xx_hal_cortex.o(i.HAL_NVIC_SetPriorityGrouping)
    i.HAL_RCC_ClockConfig                    0x0800071c   Section        0  stm32f1xx_hal_rcc.o(i.HAL_RCC_ClockConfig)
    i.HAL_RCC_GetHCLKFreq                    0x08000870   Section        0  stm32f1xx_hal_rcc.o(i.HAL_RCC_GetHCLKFreq)
    i.HAL_RCC_GetPCLK1Freq                   0x0800087c   Section        0  stm32f1xx_hal_rcc.o(i.HAL_RCC_GetPCLK1Freq)
    i.HAL_RCC_GetPCLK2Freq                   0x0800089c   Section        0  stm32f1xx_hal_rcc.o(i.HAL_RCC_GetPCLK2Freq)
    i.HAL_RCC_GetSysClockFreq                0x080008bc   Section        0  stm32f1xx_hal_rcc.o(i.HAL_RCC_GetSysClockFreq)
    i.HAL_RCC_OscConfig                      0x08000928   Section        0  stm32f1xx_hal_rcc.o(i.HAL_RCC_OscConfig)
    i.HAL_SYSTICK_CLKSourceConfig            0x08000c2c   Section        0  stm32f1xx_hal_cortex.o(i.HAL_SYSTICK_CLKSourceConfig)
    i.HAL_SYSTICK_Callback                   0x08000c44   Section        0  stm32f1xx_hal_cortex.o(i.HAL_SYSTICK_Callback)
    i.HAL_SYSTICK_Config                     0x08000c46   Section        0  stm32f1xx_hal_cortex.o(i.HAL_SYSTICK_Config)
    i.HAL_SYSTICK_IRQHandler                 0x08000c6e   Section        0  stm32f1xx_hal_cortex.o(i.HAL_SYSTICK_IRQHandler)
    i.HAL_TIMEx_BreakCallback                0x08000c76   Section        0  stm32f1xx_hal_tim_ex.o(i.HAL_TIMEx_BreakCallback)
    i.HAL_TIMEx_CommutationCallback          0x08000c78   Section        0  stm32f1xx_hal_tim_ex.o(i.HAL_TIMEx_CommutationCallback)
    i.HAL_TIMEx_MasterConfigSynchronization  0x08000c7a   Section        0  stm32f1xx_hal_tim_ex.o(i.HAL_TIMEx_MasterConfigSynchronization)
    i.HAL_TIM_Base_Init                      0x08000cca   Section        0  stm32f1xx_hal_tim.o(i.HAL_TIM_Base_Init)
    i.HAL_TIM_Base_MspInit                   0x08000d00   Section        0  tim.o(i.HAL_TIM_Base_MspInit)
    i.HAL_TIM_Base_Start_IT                  0x08000d3c   Section        0  stm32f1xx_hal_tim.o(i.HAL_TIM_Base_Start_IT)
    i.HAL_TIM_Base_Stop_IT                   0x08000d54   Section        0  stm32f1xx_hal_tim.o(i.HAL_TIM_Base_Stop_IT)
    i.HAL_TIM_IC_CaptureCallback             0x08000d7e   Section        0  stm32f1xx_hal_tim.o(i.HAL_TIM_IC_CaptureCallback)
    i.HAL_TIM_IRQHandler                     0x08000d80   Section        0  stm32f1xx_hal_tim.o(i.HAL_TIM_IRQHandler)
    i.HAL_TIM_OC_DelayElapsedCallback        0x08000ee6   Section        0  stm32f1xx_hal_tim.o(i.HAL_TIM_OC_DelayElapsedCallback)
    i.HAL_TIM_PWM_PulseFinishedCallback      0x08000ee8   Section        0  stm32f1xx_hal_tim.o(i.HAL_TIM_PWM_PulseFinishedCallback)
    i.HAL_TIM_PeriodElapsedCallback          0x08000eec   Section        0  porttimer.o(i.HAL_TIM_PeriodElapsedCallback)
    i.HAL_TIM_TriggerCallback                0x08000f04   Section        0  stm32f1xx_hal_tim.o(i.HAL_TIM_TriggerCallback)
    i.HAL_UART_ErrorCallback                 0x08000f06   Section        0  stm32f1xx_hal_uart.o(i.HAL_UART_ErrorCallback)
    i.HAL_UART_IRQHandler                    0x08000f08   Section        0  stm32f1xx_hal_uart.o(i.HAL_UART_IRQHandler)
    i.HAL_UART_Init                          0x08001018   Section        0  stm32f1xx_hal_uart.o(i.HAL_UART_Init)
    i.HAL_UART_MspInit                       0x0800107c   Section        0  usart.o(i.HAL_UART_MspInit)
    i.HAL_UART_Receive                       0x08001124   Section        0  stm32f1xx_hal_uart.o(i.HAL_UART_Receive)
    i.HAL_UART_RxCpltCallback                0x080011dc   Section        0  stm32f1xx_hal_uart.o(i.HAL_UART_RxCpltCallback)
    i.HAL_UART_Transmit                      0x080011de   Section        0  stm32f1xx_hal_uart.o(i.HAL_UART_Transmit)
    i.HAL_UART_TxCpltCallback                0x08001298   Section        0  stm32f1xx_hal_uart.o(i.HAL_UART_TxCpltCallback)
    i.HardFault_Handler                      0x0800129a   Section        0  stm32f1xx_it.o(i.HardFault_Handler)
    i.MX_GPIO_Init                           0x0800129c   Section        0  gpio.o(i.MX_GPIO_Init)
    i.MX_TIM6_Init                           0x080012f4   Section        0  tim.o(i.MX_TIM6_Init)
    i.MX_USART1_UART_Init                    0x08001350   Section        0  usart.o(i.MX_USART1_UART_Init)
    i.MX_USART3_UART_Init                    0x0800139c   Section        0  usart.o(i.MX_USART3_UART_Init)
    i.MemManage_Handler                      0x080013e8   Section        0  stm32f1xx_it.o(i.MemManage_Handler)
    i.NMI_Handler                            0x080013ea   Section        0  stm32f1xx_it.o(i.NMI_Handler)
    i.NVIC_SetPriority                       0x080013ec   Section        0  stm32f1xx_hal_cortex.o(i.NVIC_SetPriority)
    NVIC_SetPriority                         0x080013ed   Thumb Code    32  stm32f1xx_hal_cortex.o(i.NVIC_SetPriority)
    i.PendSV_Handler                         0x0800140c   Section        0  stm32f1xx_it.o(i.PendSV_Handler)
    i.SVC_Handler                            0x0800140e   Section        0  stm32f1xx_it.o(i.SVC_Handler)
    i.SysTick_Handler                        0x08001410   Section        0  stm32f1xx_it.o(i.SysTick_Handler)
    i.SystemClock_Config                     0x0800141e   Section        0  main.o(i.SystemClock_Config)
    i.SystemInit                             0x08001488   Section        0  system_stm32f1xx.o(i.SystemInit)
    i.TIM6_IRQHandler                        0x080014d0   Section        0  stm32f1xx_it.o(i.TIM6_IRQHandler)
    i.TIM_Base_SetConfig                     0x080014dc   Section        0  stm32f1xx_hal_tim.o(i.TIM_Base_SetConfig)
    i.UART_DMAAbortOnError                   0x08001568   Section        0  stm32f1xx_hal_uart.o(i.UART_DMAAbortOnError)
    UART_DMAAbortOnError                     0x08001569   Thumb Code    16  stm32f1xx_hal_uart.o(i.UART_DMAAbortOnError)
    i.UART_EndRxTransfer                     0x08001578   Section        0  stm32f1xx_hal_uart.o(i.UART_EndRxTransfer)
    UART_EndRxTransfer                       0x08001579   Thumb Code    28  stm32f1xx_hal_uart.o(i.UART_EndRxTransfer)
    i.UART_Receive_IT                        0x08001594   Section        0  stm32f1xx_hal_uart.o(i.UART_Receive_IT)
    UART_Receive_IT                          0x08001595   Thumb Code   150  stm32f1xx_hal_uart.o(i.UART_Receive_IT)
    i.UART_SetConfig                         0x0800162c   Section        0  stm32f1xx_hal_uart.o(i.UART_SetConfig)
    UART_SetConfig                           0x0800162d   Thumb Code   364  stm32f1xx_hal_uart.o(i.UART_SetConfig)
    i.UART_Transmit_IT                       0x0800179c   Section        0  stm32f1xx_hal_uart.o(i.UART_Transmit_IT)
    UART_Transmit_IT                         0x0800179d   Thumb Code    98  stm32f1xx_hal_uart.o(i.UART_Transmit_IT)
    i.UART_WaitOnFlagUntilTimeout            0x080017fe   Section        0  stm32f1xx_hal_uart.o(i.UART_WaitOnFlagUntilTimeout)
    UART_WaitOnFlagUntilTimeout              0x080017ff   Thumb Code   100  stm32f1xx_hal_uart.o(i.UART_WaitOnFlagUntilTimeout)
    i.USART3_IRQHandler                      0x08001864   Section        0  stm32f1xx_it.o(i.USART3_IRQHandler)
    i.UsageFault_Handler                     0x08001894   Section        0  stm32f1xx_it.o(i.UsageFault_Handler)
    i._Error_Handler                         0x08001896   Section        0  main.o(i._Error_Handler)
    i.__0printf$5                            0x08001898   Section        0  printf5.o(i.__0printf$5)
    i.__scatterload_copy                     0x080018b8   Section       14  handlers.o(i.__scatterload_copy)
    i.__scatterload_null                     0x080018c6   Section        2  handlers.o(i.__scatterload_null)
    i.__scatterload_zeroinit                 0x080018c8   Section       14  handlers.o(i.__scatterload_zeroinit)
    i._printf_core                           0x080018d8   Section        0  printf5.o(i._printf_core)
    _printf_core                             0x080018d9   Thumb Code   658  printf5.o(i._printf_core)
    i.eMBASCIIInit                           0x08001b98   Section        0  mbascii.o(i.eMBASCIIInit)
    i.eMBASCIIReceive                        0x08001bc8   Section        0  mbascii.o(i.eMBASCIIReceive)
    i.eMBASCIISend                           0x08001c10   Section        0  mbascii.o(i.eMBASCIISend)
    i.eMBASCIIStart                          0x08001c58   Section        0  mbascii.o(i.eMBASCIIStart)
    i.eMBASCIIStop                           0x08001c74   Section        0  mbascii.o(i.eMBASCIIStop)
    i.eMBEnable                              0x08001c88   Section        0  mb.o(i.eMBEnable)
    i.eMBFuncReadCoils                       0x08001ca8   Section        0  mbfunccoils.o(i.eMBFuncReadCoils)
    i.eMBFuncReadDiscreteInputs              0x08001d1a   Section        0  mbfuncdisc.o(i.eMBFuncReadDiscreteInputs)
    i.eMBFuncReadHoldingRegister             0x08001d8c   Section        0  mbfuncholding.o(i.eMBFuncReadHoldingRegister)
    i.eMBFuncReadInputRegister               0x08001dea   Section        0  mbfuncinput.o(i.eMBFuncReadInputRegister)
    i.eMBFuncReadWriteMultipleHoldingRegister 0x08001e4c   Section        0  mbfuncholding.o(i.eMBFuncReadWriteMultipleHoldingRegister)
    i.eMBFuncReportSlaveID                   0x08001ee8   Section        0  mbfuncother.o(i.eMBFuncReportSlaveID)
    i.eMBFuncWriteCoil                       0x08001f0c   Section        0  mbfunccoils.o(i.eMBFuncWriteCoil)
    i.eMBFuncWriteHoldingRegister            0x08001f62   Section        0  mbfuncholding.o(i.eMBFuncWriteHoldingRegister)
    i.eMBFuncWriteMultipleCoils              0x08001f94   Section        0  mbfunccoils.o(i.eMBFuncWriteMultipleCoils)
    i.eMBFuncWriteMultipleHoldingRegister    0x08001ff8   Section        0  mbfuncholding.o(i.eMBFuncWriteMultipleHoldingRegister)
    i.eMBInit                                0x08002048   Section        0  mb.o(i.eMBInit)
    i.eMBPoll                                0x08002110   Section        0  mb.o(i.eMBPoll)
    i.eMBRTUInit                             0x08002204   Section        0  mbrtu.o(i.eMBRTUInit)
    i.eMBRTUReceive                          0x08002240   Section        0  mbrtu.o(i.eMBRTUReceive)
    i.eMBRTUSend                             0x08002290   Section        0  mbrtu.o(i.eMBRTUSend)
    i.eMBRTUStart                            0x080022e8   Section        0  mbrtu.o(i.eMBRTUStart)
    i.eMBRTUStop                             0x08002304   Section        0  mbrtu.o(i.eMBRTUStop)
    i.eMBRegCoilsCB                          0x08002316   Section        0  demo.o(i.eMBRegCoilsCB)
    i.eMBRegDiscreteCB                       0x0800231a   Section        0  demo.o(i.eMBRegDiscreteCB)
    i.eMBRegHoldingCB                        0x08002320   Section        0  demo.o(i.eMBRegHoldingCB)
    i.eMBRegInputCB                          0x08002444   Section        0  demo.o(i.eMBRegInputCB)
    i.fputc                                  0x0800248c   Section        0  uart_printf.o(i.fputc)
    i.main                                   0x080024a4   Section        0  main.o(i.main)
    i.open_blue_led                          0x080024ec   Section        0  bsp_led.o(i.open_blue_led)
    i.open_green_led                         0x08002520   Section        0  bsp_led.o(i.open_green_led)
    i.open_red_led                           0x08002554   Section        0  bsp_led.o(i.open_red_led)
    i.prveMBError2Exception                  0x08002588   Section        0  mbutils.o(i.prveMBError2Exception)
    i.prvucMBBIN2CHAR                        0x080025a0   Section        0  mbascii.o(i.prvucMBBIN2CHAR)
    prvucMBBIN2CHAR                          0x080025a1   Thumb Code    28  mbascii.o(i.prvucMBBIN2CHAR)
    i.prvucMBLRC                             0x080025bc   Section        0  mbascii.o(i.prvucMBLRC)
    prvucMBLRC                               0x080025bd   Thumb Code    24  mbascii.o(i.prvucMBLRC)
    i.prvvUARTRxISR                          0x080025d4   Section        0  portserial.o(i.prvvUARTRxISR)
    i.prvvUARTTxReadyISR                     0x080025e0   Section        0  portserial.o(i.prvvUARTTxReadyISR)
    i.usMBCRC16                              0x080025ec   Section        0  mbcrc.o(i.usMBCRC16)
    i.vMBPortSerialEnable                    0x08002618   Section        0  portserial.o(i.vMBPortSerialEnable)
    i.vMBPortTimersDisable                   0x08002648   Section        0  porttimer.o(i.vMBPortTimersDisable)
    i.vMBPortTimersEnable                    0x08002664   Section        0  porttimer.o(i.vMBPortTimersEnable)
    i.xMBASCIIReceiveFSM                     0x08002680   Section        0  mbascii.o(i.xMBASCIIReceiveFSM)
    i.xMBASCIITimerT1SExpired                0x08002764   Section        0  mbascii.o(i.xMBASCIITimerT1SExpired)
    i.xMBASCIITransmitFSM                    0x08002794   Section        0  mbascii.o(i.xMBASCIITransmitFSM)
    i.xMBPortEventGet                        0x08002840   Section        0  portevent.o(i.xMBPortEventGet)
    i.xMBPortEventInit                       0x0800285c   Section        0  portevent.o(i.xMBPortEventInit)
    i.xMBPortEventPost                       0x0800286c   Section        0  portevent.o(i.xMBPortEventPost)
    i.xMBPortSerialGetByte                   0x0800287c   Section        0  portserial.o(i.xMBPortSerialGetByte)
    i.xMBPortSerialInit                      0x08002898   Section        0  portserial.o(i.xMBPortSerialInit)
    i.xMBPortSerialPutByte                   0x0800289c   Section        0  portserial.o(i.xMBPortSerialPutByte)
    i.xMBPortTimersInit                      0x080028b8   Section        0  porttimer.o(i.xMBPortTimersInit)
    i.xMBRTUReceiveFSM                       0x080028bc   Section        0  mbrtu.o(i.xMBRTUReceiveFSM)
    i.xMBRTUTimerT35Expired                  0x08002924   Section        0  mbrtu.o(i.xMBRTUTimerT35Expired)
    i.xMBRTUTransmitFSM                      0x08002964   Section        0  mbrtu.o(i.xMBRTUTransmitFSM)
    .constdata                               0x080029c0   Section      512  mbcrc.o(.constdata)
    aucCRCHi                                 0x080029c0   Data         256  mbcrc.o(.constdata)
    aucCRCLo                                 0x08002ac0   Data         256  mbcrc.o(.constdata)
    .constdata                               0x08002bc0   Section       16  system_stm32f1xx.o(.constdata)
    .constdata                               0x08002bd0   Section        8  system_stm32f1xx.o(.constdata)
    .data                                    0x20000000   Section       12  mbrtu.o(.data)
    eSndState                                0x20000000   Data           1  mbrtu.o(.data)
    eRcvState                                0x20000001   Data           1  mbrtu.o(.data)
    usSndBufferCount                         0x20000002   Data           2  mbrtu.o(.data)
    usRcvBufferPos                           0x20000004   Data           2  mbrtu.o(.data)
    pucSndBufferCur                          0x20000008   Data           4  mbrtu.o(.data)
    .data                                    0x2000000c   Section      172  mb.o(.data)
    eMBState                                 0x2000000c   Data           1  mb.o(.data)
    ucRcvAddress                             0x2000000d   Data           1  mb.o(.data)
    ucFunctionCode                           0x2000000e   Data           1  mb.o(.data)
    eException                               0x2000000f   Data           1  mb.o(.data)
    ucMBAddress                              0x20000010   Data           1  mb.o(.data)
    eMBCurrentMode                           0x20000011   Data           1  mb.o(.data)
    usLength                                 0x20000012   Data           2  mb.o(.data)
    ucMBFrame                                0x20000014   Data           4  mb.o(.data)
    peMBFrameSendCur                         0x20000018   Data           4  mb.o(.data)
    pvMBFrameStartCur                        0x2000001c   Data           4  mb.o(.data)
    pvMBFrameStopCur                         0x20000020   Data           4  mb.o(.data)
    peMBFrameReceiveCur                      0x20000024   Data           4  mb.o(.data)
    pvMBFrameCloseCur                        0x20000028   Data           4  mb.o(.data)
    xFuncHandlers                            0x20000038   Data         128  mb.o(.data)
    .data                                    0x200000b8   Section        2  mbfuncother.o(.data)
    usMBSlaveIDLen                           0x200000b8   Data           2  mbfuncother.o(.data)
    .data                                    0x200000bc   Section       16  mbascii.o(.data)
    eSndState                                0x200000bc   Data           1  mbascii.o(.data)
    eRcvState                                0x200000bd   Data           1  mbascii.o(.data)
    eBytePos                                 0x200000be   Data           1  mbascii.o(.data)
    ucMBLFCharacter                          0x200000bf   Data           1  mbascii.o(.data)
    usRcvBufferPos                           0x200000c0   Data           2  mbascii.o(.data)
    usSndBufferCount                         0x200000c2   Data           2  mbascii.o(.data)
    ucASCIIBuf                               0x200000c4   Data           4  mbascii.o(.data)
    pucSndBufferCur                          0x200000c8   Data           4  mbascii.o(.data)
    .data                                    0x200000cc   Section        2  portevent.o(.data)
    eQueuedEvent                             0x200000cc   Data           1  portevent.o(.data)
    xEventInQueue                            0x200000cd   Data           1  portevent.o(.data)
    .data                                    0x200000ce   Section       12  demo.o(.data)
    usRegInputStart                          0x200000ce   Data           2  demo.o(.data)
    iRegIndex                                0x200000d0   Data           2  demo.o(.data)
    usRegInputBuf                            0x200000d2   Data           8  demo.o(.data)
    .data                                    0x200000dc   Section       12  stm32f1xx_hal.o(.data)
    .data                                    0x200000e8   Section        4  system_stm32f1xx.o(.data)
    .data                                    0x200000ec   Section        4  stdout.o(.data)
    .bss                                     0x200000f0   Section      256  mbrtu.o(.bss)
    .bss                                     0x200001f0   Section       32  mbfuncother.o(.bss)
    ucMBSlaveID                              0x200001f0   Data          32  mbfuncother.o(.bss)
    .bss                                     0x20000210   Section      100  demo.o(.bss)
    .bss                                     0x20000274   Section       64  tim.o(.bss)
    .bss                                     0x200002b4   Section      128  usart.o(.bss)
    STACK                                    0x20000338   Section     1024  startup_stm32f103xe.o(STACK)

    Global Symbols

    Symbol Name                              Value     Ov Type        Size  Object(Section)

    BuildAttributes$$THM_ISAv4$P$D$K$B$S$PE$A:L22UL41UL21$X:L11$S22US41US21$IEEE1$IW$USESV6$~STKCKD$USESV7$~SHL$OSPACE$ROPI$EBA8$MICROLIB$REQ8$PRES8$EABIv2 0x00000000   Number         0  anon$$obj.o ABSOLUTE
    __ARM_use_no_argv                        0x00000000   Number         0  main.o ABSOLUTE
    _printf_a                                0x00000000   Number         0  stubs.o ABSOLUTE
    _printf_c                                0x00000000   Number         0  stubs.o ABSOLUTE
    _printf_charcount                        0x00000000   Number         0  stubs.o ABSOLUTE
    _printf_d                                0x00000000   Number         0  stubs.o ABSOLUTE
    _printf_e                                0x00000000   Number         0  stubs.o ABSOLUTE
    _printf_f                                0x00000000   Number         0  stubs.o ABSOLUTE
    _printf_flags                            0x00000000   Number         0  stubs.o ABSOLUTE
    _printf_fp_dec                           0x00000000   Number         0  stubs.o ABSOLUTE
    _printf_fp_hex                           0x00000000   Number         0  stubs.o ABSOLUTE
    _printf_g                                0x00000000   Number         0  stubs.o ABSOLUTE
    _printf_i                                0x00000000   Number         0  stubs.o ABSOLUTE
    _printf_int_dec                          0x00000000   Number         0  stubs.o ABSOLUTE
    _printf_l                                0x00000000   Number         0  stubs.o ABSOLUTE
    _printf_lc                               0x00000000   Number         0  stubs.o ABSOLUTE
    _printf_ll                               0x00000000   Number         0  stubs.o ABSOLUTE
    _printf_lld                              0x00000000   Number         0  stubs.o ABSOLUTE
    _printf_lli                              0x00000000   Number         0  stubs.o ABSOLUTE
    _printf_llo                              0x00000000   Number         0  stubs.o ABSOLUTE
    _printf_llu                              0x00000000   Number         0  stubs.o ABSOLUTE
    _printf_llx                              0x00000000   Number         0  stubs.o ABSOLUTE
    _printf_longlong_dec                     0x00000000   Number         0  stubs.o ABSOLUTE
    _printf_longlong_hex                     0x00000000   Number         0  stubs.o ABSOLUTE
    _printf_longlong_oct                     0x00000000   Number         0  stubs.o ABSOLUTE
    _printf_ls                               0x00000000   Number         0  stubs.o ABSOLUTE
    _printf_mbtowc                           0x00000000   Number         0  stubs.o ABSOLUTE
    _printf_n                                0x00000000   Number         0  stubs.o ABSOLUTE
    _printf_o                                0x00000000   Number         0  stubs.o ABSOLUTE
    _printf_p                                0x00000000   Number         0  stubs.o ABSOLUTE
    _printf_percent                          0x00000000   Number         0  stubs.o ABSOLUTE
    _printf_pre_padding                      0x00000000   Number         0  stubs.o ABSOLUTE
    _printf_return_value                     0x00000000   Number         0  stubs.o ABSOLUTE
    _printf_s                                0x00000000   Number         0  stubs.o ABSOLUTE
    _printf_sizespec                         0x00000000   Number         0  stubs.o ABSOLUTE
    _printf_str                              0x00000000   Number         0  stubs.o ABSOLUTE
    _printf_truncate_signed                  0x00000000   Number         0  stubs.o ABSOLUTE
    _printf_truncate_unsigned                0x00000000   Number         0  stubs.o ABSOLUTE
    _printf_u                                0x00000000   Number         0  stubs.o ABSOLUTE
    _printf_wc                               0x00000000   Number         0  stubs.o ABSOLUTE
    _printf_wctomb                           0x00000000   Number         0  stubs.o ABSOLUTE
    _printf_widthprec                        0x00000000   Number         0  stubs.o ABSOLUTE
    _printf_x                                0x00000000   Number         0  stubs.o ABSOLUTE
    __cpp_initialize__aeabi_                  - Undefined Weak Reference
    __cxa_finalize                            - Undefined Weak Reference
    __decompress                              - Undefined Weak Reference
    _clock_init                               - Undefined Weak Reference
    _microlib_exit                            - Undefined Weak Reference
    __Vectors_Size                           0x00000130   Number         0  startup_stm32f103xe.o ABSOLUTE
    __Vectors                                0x08000000   Data           4  startup_stm32f103xe.o(RESET)
    __Vectors_End                            0x08000130   Data           0  startup_stm32f103xe.o(RESET)
    __main                                   0x08000131   Thumb Code     0  entry.o(.ARM.Collect$$$$00000000)
    _main_stk                                0x08000131   Thumb Code     0  entry2.o(.ARM.Collect$$$$00000001)
    _main_scatterload                        0x08000135   Thumb Code     0  entry5.o(.ARM.Collect$$$$00000004)
    __main_after_scatterload                 0x08000139   Thumb Code     0  entry5.o(.ARM.Collect$$$$00000004)
    _main_clock                              0x08000139   Thumb Code     0  entry7b.o(.ARM.Collect$$$$00000008)
    _main_cpp_init                           0x08000139   Thumb Code     0  entry8b.o(.ARM.Collect$$$$0000000A)
    _main_init                               0x08000139   Thumb Code     0  entry9a.o(.ARM.Collect$$$$0000000B)
    __rt_final_cpp                           0x08000141   Thumb Code     0  entry10a.o(.ARM.Collect$$$$0000000D)
    __rt_final_exit                          0x08000141   Thumb Code     0  entry11a.o(.ARM.Collect$$$$0000000F)
    Reset_Handler                            0x08000145   Thumb Code     8  startup_stm32f103xe.o(.text)
    ADC1_2_IRQHandler                        0x0800015f   Thumb Code     0  startup_stm32f103xe.o(.text)
    ADC3_IRQHandler                          0x0800015f   Thumb Code     0  startup_stm32f103xe.o(.text)
    CAN1_RX1_IRQHandler                      0x0800015f   Thumb Code     0  startup_stm32f103xe.o(.text)
    CAN1_SCE_IRQHandler                      0x0800015f   Thumb Code     0  startup_stm32f103xe.o(.text)
    DMA1_Channel1_IRQHandler                 0x0800015f   Thumb Code     0  startup_stm32f103xe.o(.text)
    DMA1_Channel2_IRQHandler                 0x0800015f   Thumb Code     0  startup_stm32f103xe.o(.text)
    DMA1_Channel3_IRQHandler                 0x0800015f   Thumb Code     0  startup_stm32f103xe.o(.text)
    DMA1_Channel4_IRQHandler                 0x0800015f   Thumb Code     0  startup_stm32f103xe.o(.text)
    DMA1_Channel5_IRQHandler                 0x0800015f   Thumb Code     0  startup_stm32f103xe.o(.text)
    DMA1_Channel6_IRQHandler                 0x0800015f   Thumb Code     0  startup_stm32f103xe.o(.text)
    DMA1_Channel7_IRQHandler                 0x0800015f   Thumb Code     0  startup_stm32f103xe.o(.text)
    DMA2_Channel1_IRQHandler                 0x0800015f   Thumb Code     0  startup_stm32f103xe.o(.text)
    DMA2_Channel2_IRQHandler                 0x0800015f   Thumb Code     0  startup_stm32f103xe.o(.text)
    DMA2_Channel3_IRQHandler                 0x0800015f   Thumb Code     0  startup_stm32f103xe.o(.text)
    DMA2_Channel4_5_IRQHandler               0x0800015f   Thumb Code     0  startup_stm32f103xe.o(.text)
    EXTI0_IRQHandler                         0x0800015f   Thumb Code     0  startup_stm32f103xe.o(.text)
    EXTI15_10_IRQHandler                     0x0800015f   Thumb Code     0  startup_stm32f103xe.o(.text)
    EXTI1_IRQHandler                         0x0800015f   Thumb Code     0  startup_stm32f103xe.o(.text)
    EXTI2_IRQHandler                         0x0800015f   Thumb Code     0  startup_stm32f103xe.o(.text)
    EXTI3_IRQHandler                         0x0800015f   Thumb Code     0  startup_stm32f103xe.o(.text)
    EXTI4_IRQHandler                         0x0800015f   Thumb Code     0  startup_stm32f103xe.o(.text)
    EXTI9_5_IRQHandler                       0x0800015f   Thumb Code     0  startup_stm32f103xe.o(.text)
    FLASH_IRQHandler                         0x0800015f   Thumb Code     0  startup_stm32f103xe.o(.text)
    FSMC_IRQHandler                          0x0800015f   Thumb Code     0  startup_stm32f103xe.o(.text)
    I2C1_ER_IRQHandler                       0x0800015f   Thumb Code     0  startup_stm32f103xe.o(.text)
    I2C1_EV_IRQHandler                       0x0800015f   Thumb Code     0  startup_stm32f103xe.o(.text)
    I2C2_ER_IRQHandler                       0x0800015f   Thumb Code     0  startup_stm32f103xe.o(.text)
    I2C2_EV_IRQHandler                       0x0800015f   Thumb Code     0  startup_stm32f103xe.o(.text)
    PVD_IRQHandler                           0x0800015f   Thumb Code     0  startup_stm32f103xe.o(.text)
    RCC_IRQHandler                           0x0800015f   Thumb Code     0  startup_stm32f103xe.o(.text)
    RTC_Alarm_IRQHandler                     0x0800015f   Thumb Code     0  startup_stm32f103xe.o(.text)
    RTC_IRQHandler                           0x0800015f   Thumb Code     0  startup_stm32f103xe.o(.text)
    SDIO_IRQHandler                          0x0800015f   Thumb Code     0  startup_stm32f103xe.o(.text)
    SPI1_IRQHandler                          0x0800015f   Thumb Code     0  startup_stm32f103xe.o(.text)
    SPI2_IRQHandler                          0x0800015f   Thumb Code     0  startup_stm32f103xe.o(.text)
    SPI3_IRQHandler                          0x0800015f   Thumb Code     0  startup_stm32f103xe.o(.text)
    TAMPER_IRQHandler                        0x0800015f   Thumb Code     0  startup_stm32f103xe.o(.text)
    TIM1_BRK_IRQHandler                      0x0800015f   Thumb Code     0  startup_stm32f103xe.o(.text)
    TIM1_CC_IRQHandler                       0x0800015f   Thumb Code     0  startup_stm32f103xe.o(.text)
    TIM1_TRG_COM_IRQHandler                  0x0800015f   Thumb Code     0  startup_stm32f103xe.o(.text)
    TIM1_UP_IRQHandler                       0x0800015f   Thumb Code     0  startup_stm32f103xe.o(.text)
    TIM2_IRQHandler                          0x0800015f   Thumb Code     0  startup_stm32f103xe.o(.text)
    TIM3_IRQHandler                          0x0800015f   Thumb Code     0  startup_stm32f103xe.o(.text)
    TIM4_IRQHandler                          0x0800015f   Thumb Code     0  startup_stm32f103xe.o(.text)
    TIM5_IRQHandler                          0x0800015f   Thumb Code     0  startup_stm32f103xe.o(.text)
    TIM7_IRQHandler                          0x0800015f   Thumb Code     0  startup_stm32f103xe.o(.text)
    TIM8_BRK_IRQHandler                      0x0800015f   Thumb Code     0  startup_stm32f103xe.o(.text)
    TIM8_CC_IRQHandler                       0x0800015f   Thumb Code     0  startup_stm32f103xe.o(.text)
    TIM8_TRG_COM_IRQHandler                  0x0800015f   Thumb Code     0  startup_stm32f103xe.o(.text)
    TIM8_UP_IRQHandler                       0x0800015f   Thumb Code     0  startup_stm32f103xe.o(.text)
    UART4_IRQHandler                         0x0800015f   Thumb Code     0  startup_stm32f103xe.o(.text)
    UART5_IRQHandler                         0x0800015f   Thumb Code     0  startup_stm32f103xe.o(.text)
    USART1_IRQHandler                        0x0800015f   Thumb Code     0  startup_stm32f103xe.o(.text)
    USART2_IRQHandler                        0x0800015f   Thumb Code     0  startup_stm32f103xe.o(.text)
    USBWakeUp_IRQHandler                     0x0800015f   Thumb Code     0  startup_stm32f103xe.o(.text)
    USB_HP_CAN1_TX_IRQHandler                0x0800015f   Thumb Code     0  startup_stm32f103xe.o(.text)
    USB_LP_CAN1_RX0_IRQHandler               0x0800015f   Thumb Code     0  startup_stm32f103xe.o(.text)
    WWDG_IRQHandler                          0x0800015f   Thumb Code     0  startup_stm32f103xe.o(.text)
    __aeabi_llsr                             0x08000169   Thumb Code    32  llushr.o(.text)
    _ll_ushift_r                             0x08000169   Thumb Code     0  llushr.o(.text)
    __aeabi_memcpy                           0x08000189   Thumb Code    36  memcpya.o(.text)
    __aeabi_memcpy4                          0x08000189   Thumb Code     0  memcpya.o(.text)
    __aeabi_memcpy8                          0x08000189   Thumb Code     0  memcpya.o(.text)
    __aeabi_uldivmod                         0x080001ad   Thumb Code    98  uldiv.o(.text)
    __scatterload                            0x08000211   Thumb Code    28  init.o(.text)
    __scatterload_rt2                        0x08000211   Thumb Code     0  init.o(.text)
    __aeabi_llsl                             0x08000235   Thumb Code    30  llshl.o(.text)
    _ll_shift_l                              0x08000235   Thumb Code     0  llshl.o(.text)
    BusFault_Handler                         0x08000253   Thumb Code     2  stm32f1xx_it.o(i.BusFault_Handler)
    DebugMon_Handler                         0x08000255   Thumb Code     2  stm32f1xx_it.o(i.DebugMon_Handler)
    HAL_DMA_Abort_IT                         0x08000259   Thumb Code   296  stm32f1xx_hal_dma.o(i.HAL_DMA_Abort_IT)
    HAL_GPIO_Init                            0x08000389   Thumb Code   446  stm32f1xx_hal_gpio.o(i.HAL_GPIO_Init)
    HAL_GPIO_WritePin                        0x08000571   Thumb Code    10  stm32f1xx_hal_gpio.o(i.HAL_GPIO_WritePin)
    HAL_GetTick                              0x0800057d   Thumb Code     6  stm32f1xx_hal.o(i.HAL_GetTick)
    HAL_IncTick                              0x08000589   Thumb Code    12  stm32f1xx_hal.o(i.HAL_IncTick)
    HAL_Init                                 0x08000599   Thumb Code    32  stm32f1xx_hal.o(i.HAL_Init)
    HAL_InitTick                             0x080005bd   Thumb Code    54  stm32f1xx_hal.o(i.HAL_InitTick)
    HAL_MspInit                              0x080005fd   Thumb Code   134  stm32f1xx_hal_msp.o(i.HAL_MspInit)
    HAL_NVIC_ClearPendingIRQ                 0x0800068d   Thumb Code    22  stm32f1xx_hal_cortex.o(i.HAL_NVIC_ClearPendingIRQ)
    HAL_NVIC_EnableIRQ                       0x080006a3   Thumb Code    22  stm32f1xx_hal_cortex.o(i.HAL_NVIC_EnableIRQ)
    HAL_NVIC_SetPriority                     0x080006b9   Thumb Code    60  stm32f1xx_hal_cortex.o(i.HAL_NVIC_SetPriority)
    HAL_NVIC_SetPriorityGrouping             0x080006f9   Thumb Code    26  stm32f1xx_hal_cortex.o(i.HAL_NVIC_SetPriorityGrouping)
    HAL_RCC_ClockConfig                      0x0800071d   Thumb Code   322  stm32f1xx_hal_rcc.o(i.HAL_RCC_ClockConfig)
    HAL_RCC_GetHCLKFreq                      0x08000871   Thumb Code     6  stm32f1xx_hal_rcc.o(i.HAL_RCC_GetHCLKFreq)
    HAL_RCC_GetPCLK1Freq                     0x0800087d   Thumb Code    20  stm32f1xx_hal_rcc.o(i.HAL_RCC_GetPCLK1Freq)
    HAL_RCC_GetPCLK2Freq                     0x0800089d   Thumb Code    20  stm32f1xx_hal_rcc.o(i.HAL_RCC_GetPCLK2Freq)
    HAL_RCC_GetSysClockFreq                  0x080008bd   Thumb Code    74  stm32f1xx_hal_rcc.o(i.HAL_RCC_GetSysClockFreq)
    HAL_RCC_OscConfig                        0x08000929   Thumb Code   750  stm32f1xx_hal_rcc.o(i.HAL_RCC_OscConfig)
    HAL_SYSTICK_CLKSourceConfig              0x08000c2d   Thumb Code    24  stm32f1xx_hal_cortex.o(i.HAL_SYSTICK_CLKSourceConfig)
    HAL_SYSTICK_Callback                     0x08000c45   Thumb Code     2  stm32f1xx_hal_cortex.o(i.HAL_SYSTICK_Callback)
    HAL_SYSTICK_Config                       0x08000c47   Thumb Code    40  stm32f1xx_hal_cortex.o(i.HAL_SYSTICK_Config)
    HAL_SYSTICK_IRQHandler                   0x08000c6f   Thumb Code     8  stm32f1xx_hal_cortex.o(i.HAL_SYSTICK_IRQHandler)
    HAL_TIMEx_BreakCallback                  0x08000c77   Thumb Code     2  stm32f1xx_hal_tim_ex.o(i.HAL_TIMEx_BreakCallback)
    HAL_TIMEx_CommutationCallback            0x08000c79   Thumb Code     2  stm32f1xx_hal_tim_ex.o(i.HAL_TIMEx_CommutationCallback)
    HAL_TIMEx_MasterConfigSynchronization    0x08000c7b   Thumb Code    80  stm32f1xx_hal_tim_ex.o(i.HAL_TIMEx_MasterConfigSynchronization)
    HAL_TIM_Base_Init                        0x08000ccb   Thumb Code    54  stm32f1xx_hal_tim.o(i.HAL_TIM_Base_Init)
    HAL_TIM_Base_MspInit                     0x08000d01   Thumb Code    50  tim.o(i.HAL_TIM_Base_MspInit)
    HAL_TIM_Base_Start_IT                    0x08000d3d   Thumb Code    24  stm32f1xx_hal_tim.o(i.HAL_TIM_Base_Start_IT)
    HAL_TIM_Base_Stop_IT                     0x08000d55   Thumb Code    42  stm32f1xx_hal_tim.o(i.HAL_TIM_Base_Stop_IT)
    HAL_TIM_IC_CaptureCallback               0x08000d7f   Thumb Code     2  stm32f1xx_hal_tim.o(i.HAL_TIM_IC_CaptureCallback)
    HAL_TIM_IRQHandler                       0x08000d81   Thumb Code   358  stm32f1xx_hal_tim.o(i.HAL_TIM_IRQHandler)
    HAL_TIM_OC_DelayElapsedCallback          0x08000ee7   Thumb Code     2  stm32f1xx_hal_tim.o(i.HAL_TIM_OC_DelayElapsedCallback)
    HAL_TIM_PWM_PulseFinishedCallback        0x08000ee9   Thumb Code     2  stm32f1xx_hal_tim.o(i.HAL_TIM_PWM_PulseFinishedCallback)
    HAL_TIM_PeriodElapsedCallback            0x08000eed   Thumb Code    16  porttimer.o(i.HAL_TIM_PeriodElapsedCallback)
    HAL_TIM_TriggerCallback                  0x08000f05   Thumb Code     2  stm32f1xx_hal_tim.o(i.HAL_TIM_TriggerCallback)
    HAL_UART_ErrorCallback                   0x08000f07   Thumb Code     2  stm32f1xx_hal_uart.o(i.HAL_UART_ErrorCallback)
    HAL_UART_IRQHandler                      0x08000f09   Thumb Code   266  stm32f1xx_hal_uart.o(i.HAL_UART_IRQHandler)
    HAL_UART_Init                            0x08001019   Thumb Code    98  stm32f1xx_hal_uart.o(i.HAL_UART_Init)
    HAL_UART_MspInit                         0x0800107d   Thumb Code   146  usart.o(i.HAL_UART_MspInit)
    HAL_UART_Receive                         0x08001125   Thumb Code   184  stm32f1xx_hal_uart.o(i.HAL_UART_Receive)
    HAL_UART_RxCpltCallback                  0x080011dd   Thumb Code     2  stm32f1xx_hal_uart.o(i.HAL_UART_RxCpltCallback)
    HAL_UART_Transmit                        0x080011df   Thumb Code   186  stm32f1xx_hal_uart.o(i.HAL_UART_Transmit)
    HAL_UART_TxCpltCallback                  0x08001299   Thumb Code     2  stm32f1xx_hal_uart.o(i.HAL_UART_TxCpltCallback)
    HardFault_Handler                        0x0800129b   Thumb Code     2  stm32f1xx_it.o(i.HardFault_Handler)
    MX_GPIO_Init                             0x0800129d   Thumb Code    78  gpio.o(i.MX_GPIO_Init)
    MX_TIM6_Init                             0x080012f5   Thumb Code    66  tim.o(i.MX_TIM6_Init)
    MX_USART1_UART_Init                      0x08001351   Thumb Code    52  usart.o(i.MX_USART1_UART_Init)
    MX_USART3_UART_Init                      0x0800139d   Thumb Code    52  usart.o(i.MX_USART3_UART_Init)
    MemManage_Handler                        0x080013e9   Thumb Code     2  stm32f1xx_it.o(i.MemManage_Handler)
    NMI_Handler                              0x080013eb   Thumb Code     2  stm32f1xx_it.o(i.NMI_Handler)
    PendSV_Handler                           0x0800140d   Thumb Code     2  stm32f1xx_it.o(i.PendSV_Handler)
    SVC_Handler                              0x0800140f   Thumb Code     2  stm32f1xx_it.o(i.SVC_Handler)
    SysTick_Handler                          0x08001411   Thumb Code    14  stm32f1xx_it.o(i.SysTick_Handler)
    SystemClock_Config                       0x0800141f   Thumb Code   104  main.o(i.SystemClock_Config)
    SystemInit                               0x08001489   Thumb Code    56  system_stm32f1xx.o(i.SystemInit)
    TIM6_IRQHandler                          0x080014d1   Thumb Code     6  stm32f1xx_it.o(i.TIM6_IRQHandler)
    TIM_Base_SetConfig                       0x080014dd   Thumb Code   120  stm32f1xx_hal_tim.o(i.TIM_Base_SetConfig)
    USART3_IRQHandler                        0x08001865   Thumb Code    44  stm32f1xx_it.o(i.USART3_IRQHandler)
    UsageFault_Handler                       0x08001895   Thumb Code     2  stm32f1xx_it.o(i.UsageFault_Handler)
    _Error_Handler                           0x08001897   Thumb Code     2  main.o(i._Error_Handler)
    __0printf$5                              0x08001899   Thumb Code    22  printf5.o(i.__0printf$5)
    __1printf$5                              0x08001899   Thumb Code     0  printf5.o(i.__0printf$5)
    __2printf                                0x08001899   Thumb Code     0  printf5.o(i.__0printf$5)
    __scatterload_copy                       0x080018b9   Thumb Code    14  handlers.o(i.__scatterload_copy)
    __scatterload_null                       0x080018c7   Thumb Code     2  handlers.o(i.__scatterload_null)
    __scatterload_zeroinit                   0x080018c9   Thumb Code    14  handlers.o(i.__scatterload_zeroinit)
    eMBASCIIInit                             0x08001b99   Thumb Code    44  mbascii.o(i.eMBASCIIInit)
    eMBASCIIReceive                          0x08001bc9   Thumb Code    68  mbascii.o(i.eMBASCIIReceive)
    eMBASCIISend                             0x08001c11   Thumb Code    68  mbascii.o(i.eMBASCIISend)
    eMBASCIIStart                            0x08001c59   Thumb Code    24  mbascii.o(i.eMBASCIIStart)
    eMBASCIIStop                             0x08001c75   Thumb Code    18  mbascii.o(i.eMBASCIIStop)
    eMBEnable                                0x08001c89   Thumb Code    28  mb.o(i.eMBEnable)
    eMBFuncReadCoils                         0x08001ca9   Thumb Code   114  mbfunccoils.o(i.eMBFuncReadCoils)
    eMBFuncReadDiscreteInputs                0x08001d1b   Thumb Code   114  mbfuncdisc.o(i.eMBFuncReadDiscreteInputs)
    eMBFuncReadHoldingRegister               0x08001d8d   Thumb Code    94  mbfuncholding.o(i.eMBFuncReadHoldingRegister)
    eMBFuncReadInputRegister                 0x08001deb   Thumb Code    98  mbfuncinput.o(i.eMBFuncReadInputRegister)
    eMBFuncReadWriteMultipleHoldingRegister  0x08001e4d   Thumb Code   156  mbfuncholding.o(i.eMBFuncReadWriteMultipleHoldingRegister)
    eMBFuncReportSlaveID                     0x08001ee9   Thumb Code    26  mbfuncother.o(i.eMBFuncReportSlaveID)
    eMBFuncWriteCoil                         0x08001f0d   Thumb Code    86  mbfunccoils.o(i.eMBFuncWriteCoil)
    eMBFuncWriteHoldingRegister              0x08001f63   Thumb Code    50  mbfuncholding.o(i.eMBFuncWriteHoldingRegister)
    eMBFuncWriteMultipleCoils                0x08001f95   Thumb Code   100  mbfunccoils.o(i.eMBFuncWriteMultipleCoils)
    eMBFuncWriteMultipleHoldingRegister      0x08001ff9   Thumb Code    78  mbfuncholding.o(i.eMBFuncWriteMultipleHoldingRegister)
    eMBInit                                  0x08002049   Thumb Code   140  mb.o(i.eMBInit)
    eMBPoll                                  0x08002111   Thumb Code   194  mb.o(i.eMBPoll)
    eMBRTUInit                               0x08002205   Thumb Code    54  mbrtu.o(i.eMBRTUInit)
    eMBRTUReceive                            0x08002241   Thumb Code    70  mbrtu.o(i.eMBRTUReceive)
    eMBRTUSend                               0x08002291   Thumb Code    80  mbrtu.o(i.eMBRTUSend)
    eMBRTUStart                              0x080022e9   Thumb Code    24  mbrtu.o(i.eMBRTUStart)
    eMBRTUStop                               0x08002305   Thumb Code    18  mbrtu.o(i.eMBRTUStop)
    eMBRegCoilsCB                            0x08002317   Thumb Code     4  demo.o(i.eMBRegCoilsCB)
    eMBRegDiscreteCB                         0x0800231b   Thumb Code     4  demo.o(i.eMBRegDiscreteCB)
    eMBRegHoldingCB                          0x08002321   Thumb Code   174  demo.o(i.eMBRegHoldingCB)
    eMBRegInputCB                            0x08002445   Thumb Code    68  demo.o(i.eMBRegInputCB)
    fputc                                    0x0800248d   Thumb Code    18  uart_printf.o(i.fputc)
    main                                     0x080024a5   Thumb Code    62  main.o(i.main)
    open_blue_led                            0x080024ed   Thumb Code    48  bsp_led.o(i.open_blue_led)
    open_green_led                           0x08002521   Thumb Code    48  bsp_led.o(i.open_green_led)
    open_red_led                             0x08002555   Thumb Code    48  bsp_led.o(i.open_red_led)
    prveMBError2Exception                    0x08002589   Thumb Code    24  mbutils.o(i.prveMBError2Exception)
    prvvUARTRxISR                            0x080025d5   Thumb Code     6  portserial.o(i.prvvUARTRxISR)
    prvvUARTTxReadyISR                       0x080025e1   Thumb Code     6  portserial.o(i.prvvUARTTxReadyISR)
    usMBCRC16                                0x080025ed   Thumb Code    40  mbcrc.o(i.usMBCRC16)
    vMBPortSerialEnable                      0x08002619   Thumb Code    44  portserial.o(i.vMBPortSerialEnable)
    vMBPortTimersDisable                     0x08002649   Thumb Code    24  porttimer.o(i.vMBPortTimersDisable)
    vMBPortTimersEnable                      0x08002665   Thumb Code    22  porttimer.o(i.vMBPortTimersEnable)
    xMBASCIIReceiveFSM                       0x08002681   Thumb Code   222  mbascii.o(i.xMBASCIIReceiveFSM)
    xMBASCIITimerT1SExpired                  0x08002765   Thumb Code    42  mbascii.o(i.xMBASCIITimerT1SExpired)
    xMBASCIITransmitFSM                      0x08002795   Thumb Code   168  mbascii.o(i.xMBASCIITransmitFSM)
    xMBPortEventGet                          0x08002841   Thumb Code    24  portevent.o(i.xMBPortEventGet)
    xMBPortEventInit                         0x0800285d   Thumb Code    10  portevent.o(i.xMBPortEventInit)
    xMBPortEventPost                         0x0800286d   Thumb Code    12  portevent.o(i.xMBPortEventPost)
    xMBPortSerialGetByte                     0x0800287d   Thumb Code    24  portserial.o(i.xMBPortSerialGetByte)
    xMBPortSerialInit                        0x08002899   Thumb Code     4  portserial.o(i.xMBPortSerialInit)
    xMBPortSerialPutByte                     0x0800289d   Thumb Code    24  portserial.o(i.xMBPortSerialPutByte)
    xMBPortTimersInit                        0x080028b9   Thumb Code     4  porttimer.o(i.xMBPortTimersInit)
    xMBRTUReceiveFSM                         0x080028bd   Thumb Code    96  mbrtu.o(i.xMBRTUReceiveFSM)
    xMBRTUTimerT35Expired                    0x08002925   Thumb Code    58  mbrtu.o(i.xMBRTUTimerT35Expired)
    xMBRTUTransmitFSM                        0x08002965   Thumb Code    86  mbrtu.o(i.xMBRTUTransmitFSM)
    AHBPrescTable                            0x08002bc0   Data          16  system_stm32f1xx.o(.constdata)
    APBPrescTable                            0x08002bd0   Data           8  system_stm32f1xx.o(.constdata)
    Region$$Table$$Base                      0x08002bd8   Number         0  anon$$obj.o(Region$$Table)
    Region$$Table$$Limit                     0x08002bf8   Number         0  anon$$obj.o(Region$$Table)
    pxMBFrameCBByteReceived                  0x2000002c   Data           4  mb.o(.data)
    pxMBFrameCBTransmitterEmpty              0x20000030   Data           4  mb.o(.data)
    pxMBPortCBTimerExpired                   0x20000034   Data           4  mb.o(.data)
    uwTickFreq                               0x200000dc   Data           1  stm32f1xx_hal.o(.data)
    uwTickPrio                               0x200000e0   Data           4  stm32f1xx_hal.o(.data)
    uwTick                                   0x200000e4   Data           4  stm32f1xx_hal.o(.data)
    SystemCoreClock                          0x200000e8   Data           4  system_stm32f1xx.o(.data)
    __stdout                                 0x200000ec   Data           4  stdout.o(.data)
    ucRTUBuf                                 0x200000f0   Data         256  mbrtu.o(.bss)
    usRegHoldingBuf                          0x20000210   Data         100  demo.o(.bss)
    htim6                                    0x20000274   Data          64  tim.o(.bss)
    huart1                                   0x200002b4   Data          64  usart.o(.bss)
    huart3                                   0x200002f4   Data          64  usart.o(.bss)
    __initial_sp                             0x20000738   Data           0  startup_stm32f103xe.o(STACK)



==============================================================================

Memory Map of the image

  Image Entry point : 0x08000131

  Load Region LR_IROM1 (Base: 0x08000000, Size: 0x00002ce8, Max: 0x00080000, ABSOLUTE)

    Execution Region ER_IROM1 (Exec base: 0x08000000, Load base: 0x08000000, Size: 0x00002bf8, Max: 0x00080000, ABSOLUTE)

    Exec Addr    Load Addr    Size         Type   Attr      Idx    E Section Name        Object

    0x08000000   0x08000000   0x00000130   Data   RO            3    RESET               startup_stm32f103xe.o
    0x08000130   0x08000130   0x00000000   Code   RO         3156  * .ARM.Collect$$$$00000000  mc_w.l(entry.o)
    0x08000130   0x08000130   0x00000004   Code   RO         3428    .ARM.Collect$$$$00000001  mc_w.l(entry2.o)
    0x08000134   0x08000134   0x00000004   Code   RO         3431    .ARM.Collect$$$$00000004  mc_w.l(entry5.o)
    0x08000138   0x08000138   0x00000000   Code   RO         3433    .ARM.Collect$$$$00000008  mc_w.l(entry7b.o)
    0x08000138   0x08000138   0x00000000   Code   RO         3435    .ARM.Collect$$$$0000000A  mc_w.l(entry8b.o)
    0x08000138   0x08000138   0x00000008   Code   RO         3436    .ARM.Collect$$$$0000000B  mc_w.l(entry9a.o)
    0x08000140   0x08000140   0x00000000   Code   RO         3438    .ARM.Collect$$$$0000000D  mc_w.l(entry10a.o)
    0x08000140   0x08000140   0x00000000   Code   RO         3440    .ARM.Collect$$$$0000000F  mc_w.l(entry11a.o)
    0x08000140   0x08000140   0x00000004   Code   RO         3429    .ARM.Collect$$$$00002712  mc_w.l(entry2.o)
    0x08000144   0x08000144   0x00000024   Code   RO            4    .text               startup_stm32f103xe.o
    0x08000168   0x08000168   0x00000020   Code   RO         3159    .text               mc_w.l(llushr.o)
    0x08000188   0x08000188   0x00000024   Code   RO         3163    .text               mc_w.l(memcpya.o)
    0x080001ac   0x080001ac   0x00000062   Code   RO         3445    .text               mc_w.l(uldiv.o)
    0x0800020e   0x0800020e   0x00000002   PAD
    0x08000210   0x08000210   0x00000024   Code   RO         3458    .text               mc_w.l(init.o)
    0x08000234   0x08000234   0x0000001e   Code   RO         3460    .text               mc_w.l(llshl.o)
    0x08000252   0x08000252   0x00000002   Code   RO          829    i.BusFault_Handler  stm32f1xx_it.o
    0x08000254   0x08000254   0x00000002   Code   RO          830    i.DebugMon_Handler  stm32f1xx_it.o
    0x08000256   0x08000256   0x00000002   PAD
    0x08000258   0x08000258   0x00000130   Code   RO         2532    i.HAL_DMA_Abort_IT  stm32f1xx_hal_dma.o
    0x08000388   0x08000388   0x000001e8   Code   RO         2467    i.HAL_GPIO_Init     stm32f1xx_hal_gpio.o
    0x08000570   0x08000570   0x0000000a   Code   RO         2471    i.HAL_GPIO_WritePin  stm32f1xx_hal_gpio.o
    0x0800057a   0x0800057a   0x00000002   PAD
    0x0800057c   0x0800057c   0x0000000c   Code   RO         2178    i.HAL_GetTick       stm32f1xx_hal.o
    0x08000588   0x08000588   0x00000010   Code   RO         2182    i.HAL_IncTick       stm32f1xx_hal.o
    0x08000598   0x08000598   0x00000024   Code   RO         2183    i.HAL_Init          stm32f1xx_hal.o
    0x080005bc   0x080005bc   0x00000040   Code   RO         2184    i.HAL_InitTick      stm32f1xx_hal.o
    0x080005fc   0x080005fc   0x00000090   Code   RO          917    i.HAL_MspInit       stm32f1xx_hal_msp.o
    0x0800068c   0x0800068c   0x00000016   Code   RO         2625    i.HAL_NVIC_ClearPendingIRQ  stm32f1xx_hal_cortex.o
    0x080006a2   0x080006a2   0x00000016   Code   RO         2627    i.HAL_NVIC_EnableIRQ  stm32f1xx_hal_cortex.o
    0x080006b8   0x080006b8   0x00000040   Code   RO         2633    i.HAL_NVIC_SetPriority  stm32f1xx_hal_cortex.o
    0x080006f8   0x080006f8   0x00000024   Code   RO         2634    i.HAL_NVIC_SetPriorityGrouping  stm32f1xx_hal_cortex.o
    0x0800071c   0x0800071c   0x00000154   Code   RO         2327    i.HAL_RCC_ClockConfig  stm32f1xx_hal_rcc.o
    0x08000870   0x08000870   0x0000000c   Code   RO         2332    i.HAL_RCC_GetHCLKFreq  stm32f1xx_hal_rcc.o
    0x0800087c   0x0800087c   0x00000020   Code   RO         2334    i.HAL_RCC_GetPCLK1Freq  stm32f1xx_hal_rcc.o
    0x0800089c   0x0800089c   0x00000020   Code   RO         2335    i.HAL_RCC_GetPCLK2Freq  stm32f1xx_hal_rcc.o
    0x080008bc   0x080008bc   0x0000006c   Code   RO         2336    i.HAL_RCC_GetSysClockFreq  stm32f1xx_hal_rcc.o
    0x08000928   0x08000928   0x00000304   Code   RO         2339    i.HAL_RCC_OscConfig  stm32f1xx_hal_rcc.o
    0x08000c2c   0x08000c2c   0x00000018   Code   RO         2636    i.HAL_SYSTICK_CLKSourceConfig  stm32f1xx_hal_cortex.o
    0x08000c44   0x08000c44   0x00000002   Code   RO         2637    i.HAL_SYSTICK_Callback  stm32f1xx_hal_cortex.o
    0x08000c46   0x08000c46   0x00000028   Code   RO         2638    i.HAL_SYSTICK_Config  stm32f1xx_hal_cortex.o
    0x08000c6e   0x08000c6e   0x00000008   Code   RO         2639    i.HAL_SYSTICK_IRQHandler  stm32f1xx_hal_cortex.o
    0x08000c76   0x08000c76   0x00000002   Code   RO         1608    i.HAL_TIMEx_BreakCallback  stm32f1xx_hal_tim_ex.o
    0x08000c78   0x08000c78   0x00000002   Code   RO         1609    i.HAL_TIMEx_CommutationCallback  stm32f1xx_hal_tim_ex.o
    0x08000c7a   0x08000c7a   0x00000050   Code   RO         1625    i.HAL_TIMEx_MasterConfigSynchronization  stm32f1xx_hal_tim_ex.o
    0x08000cca   0x08000cca   0x00000036   Code   RO          979    i.HAL_TIM_Base_Init  stm32f1xx_hal_tim.o
    0x08000d00   0x08000d00   0x0000003c   Code   RO          740    i.HAL_TIM_Base_MspInit  tim.o
    0x08000d3c   0x08000d3c   0x00000018   Code   RO          984    i.HAL_TIM_Base_Start_IT  stm32f1xx_hal_tim.o
    0x08000d54   0x08000d54   0x0000002a   Code   RO          987    i.HAL_TIM_Base_Stop_IT  stm32f1xx_hal_tim.o
    0x08000d7e   0x08000d7e   0x00000002   Code   RO         1008    i.HAL_TIM_IC_CaptureCallback  stm32f1xx_hal_tim.o
    0x08000d80   0x08000d80   0x00000166   Code   RO         1021    i.HAL_TIM_IRQHandler  stm32f1xx_hal_tim.o
    0x08000ee6   0x08000ee6   0x00000002   Code   RO         1024    i.HAL_TIM_OC_DelayElapsedCallback  stm32f1xx_hal_tim.o
    0x08000ee8   0x08000ee8   0x00000002   Code   RO         1051    i.HAL_TIM_PWM_PulseFinishedCallback  stm32f1xx_hal_tim.o
    0x08000eea   0x08000eea   0x00000002   PAD
    0x08000eec   0x08000eec   0x00000018   Code   RO          578    i.HAL_TIM_PeriodElapsedCallback  porttimer.o
    0x08000f04   0x08000f04   0x00000002   Code   RO         1062    i.HAL_TIM_TriggerCallback  stm32f1xx_hal_tim.o
    0x08000f06   0x08000f06   0x00000002   Code   RO         1862    i.HAL_UART_ErrorCallback  stm32f1xx_hal_uart.o
    0x08000f08   0x08000f08   0x00000110   Code   RO         1865    i.HAL_UART_IRQHandler  stm32f1xx_hal_uart.o
    0x08001018   0x08001018   0x00000062   Code   RO         1866    i.HAL_UART_Init     stm32f1xx_hal_uart.o
    0x0800107a   0x0800107a   0x00000002   PAD
    0x0800107c   0x0800107c   0x000000a8   Code   RO          782    i.HAL_UART_MspInit  usart.o
    0x08001124   0x08001124   0x000000b8   Code   RO         1869    i.HAL_UART_Receive  stm32f1xx_hal_uart.o
    0x080011dc   0x080011dc   0x00000002   Code   RO         1872    i.HAL_UART_RxCpltCallback  stm32f1xx_hal_uart.o
    0x080011de   0x080011de   0x000000ba   Code   RO         1874    i.HAL_UART_Transmit  stm32f1xx_hal_uart.o
    0x08001298   0x08001298   0x00000002   Code   RO         1877    i.HAL_UART_TxCpltCallback  stm32f1xx_hal_uart.o
    0x0800129a   0x0800129a   0x00000002   Code   RO          831    i.HardFault_Handler  stm32f1xx_it.o
    0x0800129c   0x0800129c   0x00000058   Code   RO          715    i.MX_GPIO_Init      gpio.o
    0x080012f4   0x080012f4   0x0000005c   Code   RO          741    i.MX_TIM6_Init      tim.o
    0x08001350   0x08001350   0x0000004c   Code   RO          783    i.MX_USART1_UART_Init  usart.o
    0x0800139c   0x0800139c   0x0000004c   Code   RO          784    i.MX_USART3_UART_Init  usart.o
    0x080013e8   0x080013e8   0x00000002   Code   RO          832    i.MemManage_Handler  stm32f1xx_it.o
    0x080013ea   0x080013ea   0x00000002   Code   RO          833    i.NMI_Handler       stm32f1xx_it.o
    0x080013ec   0x080013ec   0x00000020   Code   RO         2640    i.NVIC_SetPriority  stm32f1xx_hal_cortex.o
    0x0800140c   0x0800140c   0x00000002   Code   RO          834    i.PendSV_Handler    stm32f1xx_it.o
    0x0800140e   0x0800140e   0x00000002   Code   RO          835    i.SVC_Handler       stm32f1xx_it.o
    0x08001410   0x08001410   0x0000000e   Code   RO          836    i.SysTick_Handler   stm32f1xx_it.o
    0x0800141e   0x0800141e   0x00000068   Code   RO          676    i.SystemClock_Config  main.o
    0x08001486   0x08001486   0x00000002   PAD
    0x08001488   0x08001488   0x00000048   Code   RO         3056    i.SystemInit        system_stm32f1xx.o
    0x080014d0   0x080014d0   0x0000000c   Code   RO          837    i.TIM6_IRQHandler   stm32f1xx_it.o
    0x080014dc   0x080014dc   0x0000008c   Code   RO         1063    i.TIM_Base_SetConfig  stm32f1xx_hal_tim.o
    0x08001568   0x08001568   0x00000010   Code   RO         1879    i.UART_DMAAbortOnError  stm32f1xx_hal_uart.o
    0x08001578   0x08001578   0x0000001c   Code   RO         1889    i.UART_EndRxTransfer  stm32f1xx_hal_uart.o
    0x08001594   0x08001594   0x00000096   Code   RO         1891    i.UART_Receive_IT   stm32f1xx_hal_uart.o
    0x0800162a   0x0800162a   0x00000002   PAD
    0x0800162c   0x0800162c   0x00000170   Code   RO         1892    i.UART_SetConfig    stm32f1xx_hal_uart.o
    0x0800179c   0x0800179c   0x00000062   Code   RO         1893    i.UART_Transmit_IT  stm32f1xx_hal_uart.o
    0x080017fe   0x080017fe   0x00000064   Code   RO         1894    i.UART_WaitOnFlagUntilTimeout  stm32f1xx_hal_uart.o
    0x08001862   0x08001862   0x00000002   PAD
    0x08001864   0x08001864   0x00000030   Code   RO          838    i.USART3_IRQHandler  stm32f1xx_it.o
    0x08001894   0x08001894   0x00000002   Code   RO          839    i.UsageFault_Handler  stm32f1xx_it.o
    0x08001896   0x08001896   0x00000002   Code   RO          677    i._Error_Handler    main.o
    0x08001898   0x08001898   0x00000020   Code   RO         3300    i.__0printf$5       mc_w.l(printf5.o)
    0x080018b8   0x080018b8   0x0000000e   Code   RO         3468    i.__scatterload_copy  mc_w.l(handlers.o)
    0x080018c6   0x080018c6   0x00000002   Code   RO         3469    i.__scatterload_null  mc_w.l(handlers.o)
    0x080018c8   0x080018c8   0x0000000e   Code   RO         3470    i.__scatterload_zeroinit  mc_w.l(handlers.o)
    0x080018d6   0x080018d6   0x00000002   PAD
    0x080018d8   0x080018d8   0x000002c0   Code   RO         3307    i._printf_core      mc_w.l(printf5.o)
    0x08001b98   0x08001b98   0x00000030   Code   RO          404    i.eMBASCIIInit      mbascii.o
    0x08001bc8   0x08001bc8   0x00000048   Code   RO          405    i.eMBASCIIReceive   mbascii.o
    0x08001c10   0x08001c10   0x00000048   Code   RO          406    i.eMBASCIISend      mbascii.o
    0x08001c58   0x08001c58   0x0000001c   Code   RO          407    i.eMBASCIIStart     mbascii.o
    0x08001c74   0x08001c74   0x00000012   Code   RO          408    i.eMBASCIIStop      mbascii.o
    0x08001c86   0x08001c86   0x00000002   PAD
    0x08001c88   0x08001c88   0x00000020   Code   RO          128    i.eMBEnable         mb.o
    0x08001ca8   0x08001ca8   0x00000072   Code   RO          278    i.eMBFuncReadCoils  mbfunccoils.o
    0x08001d1a   0x08001d1a   0x00000072   Code   RO          305    i.eMBFuncReadDiscreteInputs  mbfuncdisc.o
    0x08001d8c   0x08001d8c   0x0000005e   Code   RO          317    i.eMBFuncReadHoldingRegister  mbfuncholding.o
    0x08001dea   0x08001dea   0x00000062   Code   RO          347    i.eMBFuncReadInputRegister  mbfuncinput.o
    0x08001e4c   0x08001e4c   0x0000009c   Code   RO          318    i.eMBFuncReadWriteMultipleHoldingRegister  mbfuncholding.o
    0x08001ee8   0x08001ee8   0x00000024   Code   RO          359    i.eMBFuncReportSlaveID  mbfuncother.o
    0x08001f0c   0x08001f0c   0x00000056   Code   RO          279    i.eMBFuncWriteCoil  mbfunccoils.o
    0x08001f62   0x08001f62   0x00000032   Code   RO          319    i.eMBFuncWriteHoldingRegister  mbfuncholding.o
    0x08001f94   0x08001f94   0x00000064   Code   RO          280    i.eMBFuncWriteMultipleCoils  mbfunccoils.o
    0x08001ff8   0x08001ff8   0x0000004e   Code   RO          320    i.eMBFuncWriteMultipleHoldingRegister  mbfuncholding.o
    0x08002046   0x08002046   0x00000002   PAD
    0x08002048   0x08002048   0x000000c8   Code   RO          129    i.eMBInit           mb.o
    0x08002110   0x08002110   0x000000f4   Code   RO          130    i.eMBPoll           mb.o
    0x08002204   0x08002204   0x0000003c   Code   RO           37    i.eMBRTUInit        mbrtu.o
    0x08002240   0x08002240   0x00000050   Code   RO           38    i.eMBRTUReceive     mbrtu.o
    0x08002290   0x08002290   0x00000058   Code   RO           39    i.eMBRTUSend        mbrtu.o
    0x080022e8   0x080022e8   0x0000001c   Code   RO           40    i.eMBRTUStart       mbrtu.o
    0x08002304   0x08002304   0x00000012   Code   RO           41    i.eMBRTUStop        mbrtu.o
    0x08002316   0x08002316   0x00000004   Code   RO          625    i.eMBRegCoilsCB     demo.o
    0x0800231a   0x0800231a   0x00000004   Code   RO          626    i.eMBRegDiscreteCB  demo.o
    0x0800231e   0x0800231e   0x00000002   PAD
    0x08002320   0x08002320   0x00000124   Code   RO          627    i.eMBRegHoldingCB   demo.o
    0x08002444   0x08002444   0x00000048   Code   RO          628    i.eMBRegInputCB     demo.o
    0x0800248c   0x0800248c   0x00000018   Code   RO         3132    i.fputc             uart_printf.o
    0x080024a4   0x080024a4   0x00000048   Code   RO          678    i.main              main.o
    0x080024ec   0x080024ec   0x00000034   Code   RO         3093    i.open_blue_led     bsp_led.o
    0x08002520   0x08002520   0x00000034   Code   RO         3094    i.open_green_led    bsp_led.o
    0x08002554   0x08002554   0x00000034   Code   RO         3095    i.open_red_led      bsp_led.o
    0x08002588   0x08002588   0x00000018   Code   RO          380    i.prveMBError2Exception  mbutils.o
    0x080025a0   0x080025a0   0x0000001c   Code   RO          409    i.prvucMBBIN2CHAR   mbascii.o
    0x080025bc   0x080025bc   0x00000018   Code   RO          410    i.prvucMBLRC        mbascii.o
    0x080025d4   0x080025d4   0x0000000c   Code   RO          506    i.prvvUARTRxISR     portserial.o
    0x080025e0   0x080025e0   0x0000000c   Code   RO          507    i.prvvUARTTxReadyISR  portserial.o
    0x080025ec   0x080025ec   0x0000002c   Code   RO           10    i.usMBCRC16         mbcrc.o
    0x08002618   0x08002618   0x00000030   Code   RO          508    i.vMBPortSerialEnable  portserial.o
    0x08002648   0x08002648   0x0000001c   Code   RO          608    i.vMBPortTimersDisable  porttimer.o
    0x08002664   0x08002664   0x0000001c   Code   RO          602    i.vMBPortTimersEnable  porttimer.o
    0x08002680   0x08002680   0x000000e4   Code   RO          411    i.xMBASCIIReceiveFSM  mbascii.o
    0x08002764   0x08002764   0x00000030   Code   RO          412    i.xMBASCIITimerT1SExpired  mbascii.o
    0x08002794   0x08002794   0x000000ac   Code   RO          413    i.xMBASCIITransmitFSM  mbascii.o
    0x08002840   0x08002840   0x0000001c   Code   RO          477    i.xMBPortEventGet   portevent.o
    0x0800285c   0x0800285c   0x00000010   Code   RO          478    i.xMBPortEventInit  portevent.o
    0x0800286c   0x0800286c   0x00000010   Code   RO          479    i.xMBPortEventPost  portevent.o
    0x0800287c   0x0800287c   0x0000001c   Code   RO          509    i.xMBPortSerialGetByte  portserial.o
    0x08002898   0x08002898   0x00000004   Code   RO          510    i.xMBPortSerialInit  portserial.o
    0x0800289c   0x0800289c   0x0000001c   Code   RO          511    i.xMBPortSerialPutByte  portserial.o
    0x080028b8   0x080028b8   0x00000004   Code   RO          579    i.xMBPortTimersInit  porttimer.o
    0x080028bc   0x080028bc   0x00000068   Code   RO           42    i.xMBRTUReceiveFSM  mbrtu.o
    0x08002924   0x08002924   0x00000040   Code   RO           43    i.xMBRTUTimerT35Expired  mbrtu.o
    0x08002964   0x08002964   0x0000005c   Code   RO           44    i.xMBRTUTransmitFSM  mbrtu.o
    0x080029c0   0x080029c0   0x00000200   Data   RO           11    .constdata          mbcrc.o
    0x08002bc0   0x08002bc0   0x00000010   Data   RO         3057    .constdata          system_stm32f1xx.o
    0x08002bd0   0x08002bd0   0x00000008   Data   RO         3058    .constdata          system_stm32f1xx.o
    0x08002bd8   0x08002bd8   0x00000020   Data   RO         3466    Region$$Table       anon$$obj.o


    Execution Region RW_IRAM1 (Exec base: 0x20000000, Load base: 0x08002bf8, Size: 0x00000738, Max: 0x00010000, ABSOLUTE)

    Exec Addr    Load Addr    Size         Type   Attr      Idx    E Section Name        Object

    0x20000000   0x08002bf8   0x0000000c   Data   RW           46    .data               mbrtu.o
    0x2000000c   0x08002c04   0x000000ac   Data   RW          132    .data               mb.o
    0x200000b8   0x08002cb0   0x00000002   Data   RW          362    .data               mbfuncother.o
    0x200000ba   0x08002cb2   0x00000002   PAD
    0x200000bc   0x08002cb4   0x00000010   Data   RW          414    .data               mbascii.o
    0x200000cc   0x08002cc4   0x00000002   Data   RW          480    .data               portevent.o
    0x200000ce   0x08002cc6   0x0000000c   Data   RW          630    .data               demo.o
    0x200000da   0x08002cd2   0x00000002   PAD
    0x200000dc   0x08002cd4   0x0000000c   Data   RW         2190    .data               stm32f1xx_hal.o
    0x200000e8   0x08002ce0   0x00000004   Data   RW         3059    .data               system_stm32f1xx.o
    0x200000ec   0x08002ce4   0x00000004   Data   RW         3442    .data               mc_w.l(stdout.o)
    0x200000f0        -       0x00000100   Zero   RW           45    .bss                mbrtu.o
    0x200001f0        -       0x00000020   Zero   RW          361    .bss                mbfuncother.o
    0x20000210        -       0x00000064   Zero   RW          629    .bss                demo.o
    0x20000274        -       0x00000040   Zero   RW          742    .bss                tim.o
    0x200002b4        -       0x00000080   Zero   RW          785    .bss                usart.o
    0x20000334   0x08002ce8   0x00000004   PAD
    0x20000338        -       0x00000400   Zero   RW            1    STACK               startup_stm32f103xe.o


==============================================================================

Image component sizes


      Code (inc. data)   RO Data    RW Data    ZI Data      Debug   Object Name

       156         12          0          0          0       1376   bsp_led.o
       372        122          0         12        100       3175   demo.o
        88         10          0          0          0        823   gpio.o
       178         10          0          0          0       2129   main.o
       476        114          0        172          0     477320   mb.o
       738         38          0         16          0       7911   mbascii.o
        44          4        512          0          0       6288   mbcrc.o
       300          0          0          0          0       3662   mbfunccoils.o
       114          0          0          0          0       1536   mbfuncdisc.o
       378          0          0          0          0       5059   mbfuncholding.o
        98          0          0          0          0       1527   mbfuncinput.o
        36         10          0          2         32       1343   mbfuncother.o
       534         48          0         12        256       9292   mbrtu.o
        24          0          0          0          0        608   mbutils.o
        60         14          0          2          0       2020   portevent.o
       132         24          0          0          0       5954   portserial.o
        84         18          0          0          0       2361   porttimer.o
        36          8        304          0       1024        788   startup_stm32f103xe.o
       128         24          0         12          0       3157   stm32f1xx_hal.o
       250         14          0          0          0      27904   stm32f1xx_hal_cortex.o
       304          8          0          0          0       1135   stm32f1xx_hal_dma.o
       498         42          0          0          0       2844   stm32f1xx_hal_gpio.o
       144         10          0          0          0        882   stm32f1xx_hal_msp.o
      1296        104          0          0          0       5544   stm32f1xx_hal_rcc.o
       626         20          0          0          0       6686   stm32f1xx_hal_tim.o
        84          0          0          0          0       2270   stm32f1xx_hal_tim_ex.o
      1506         10          0          0          0       9958   stm32f1xx_hal_uart.o
        90         10          0          0          0       4596   stm32f1xx_it.o
        72         16         24          4          0       1115   system_stm32f1xx.o
       152         36          0          0         64       1462   tim.o
        24          6          0          0          0        468   uart_printf.o
       320         70          0          0        128       2171   usart.o

    ----------------------------------------------------------------------
      9362        802        872        236       1608     603364   Object Totals
         0          0         32          0          0          0   (incl. Generated)
        20          0          0          4          4          0   (incl. Padding)

    ----------------------------------------------------------------------

      Code (inc. data)   RO Data    RW Data    ZI Data      Debug   Library Member Name

         0          0          0          0          0          0   entry.o
         0          0          0          0          0          0   entry10a.o
         0          0          0          0          0          0   entry11a.o
         8          4          0          0          0          0   entry2.o
         4          0          0          0          0          0   entry5.o
         0          0          0          0          0          0   entry7b.o
         0          0          0          0          0          0   entry8b.o
         8          4          0          0          0          0   entry9a.o
        30          0          0          0          0          0   handlers.o
        36          8          0          0          0         68   init.o
        30          0          0          0          0         68   llshl.o
        32          0          0          0          0         68   llushr.o
        36          0          0          0          0         68   memcpya.o
       736         56          0          0          0        184   printf5.o
         0          0          0          4          0          0   stdout.o
        98          0          0          0          0         92   uldiv.o

    ----------------------------------------------------------------------
      1022         72          0          4          0        548   Library Totals
         4          0          0          0          0          0   (incl. Padding)

    ----------------------------------------------------------------------

      Code (inc. data)   RO Data    RW Data    ZI Data      Debug   Library Name

      1018         72          0          4          0        548   mc_w.l

    ----------------------------------------------------------------------
      1022         72          0          4          0        548   Library Totals

    ----------------------------------------------------------------------

==============================================================================


      Code (inc. data)   RO Data    RW Data    ZI Data      Debug   

     10384        874        872        240       1608     597668   Grand Totals
     10384        874        872        240       1608     597668   ELF Image Totals
     10384        874        872        240          0          0   ROM Totals

==============================================================================

    Total RO  Size (Code + RO Data)                11256 (  10.99kB)
    Total RW  Size (RW Data + ZI Data)              1848 (   1.80kB)
    Total ROM Size (Code + RO Data + RW Data)      11496 (  11.23kB)

==============================================================================

