<html>
<body>
<pre>
<h1>µVision Build Log</h1>
<h2>Tool Versions:</h2>
IDE-Version: ¦ÌVision V5.24.2.0
Copyright (C) 2017 ARM Ltd and ARM Germany GmbH. All rights reserved.
License Information: zl lei, aite, LIC=----
 
Tool Versions:
Toolchain:       MDK-Lite  Version: 5.24.1
Toolchain Path:  D:\soft\keil5\ARM\ARMCC\Bin
C Compiler:      Armcc.exe V5.06 update 5 (build 528)
Assembler:       Armasm.exe V5.06 update 5 (build 528)
Linker/Locator:  ArmLink.exe V5.06 update 5 (build 528)
Library Manager: ArmAr.exe V5.06 update 5 (build 528)
Hex Converter:   FromElf.exe V5.06 update 5 (build 528)
CPU DLL:         SARMCM3.DLL V5.24.1
Dialog DLL:      DCM.DLL V1.16.0.0
Target DLL:      STLink\ST-LINKIII-KEIL_SWO.dll V3.0.1.0
Dialog DLL:      TCM.DLL V1.32.0.0
 
<h2>Project:</h2>
E:\STM32CubeMX\myproject1\MDK-ARM\myproject1.uvprojx
Project File Date:  08/21/2018

<h2>Output:</h2>
*** Using Compiler 'V5.06 update 5 (build 528)', folder: 'D:\soft\keil5\ARM\ARMCC\Bin'
Rebuild target 'myproject1'
assembling startup_stm32f103xe.s...
compiling bsp_external_interrupt.c...
compiling bsp_gpio.c...
compiling delay.c...
compiling handle_my_hardware.c...
compiling uart_interrupt.c...
..\Src\MYHARDWARE\Inc\uart_interrupt.h(1): warning:  #1-D: last line of file ends without a newline
  #include "stm32f10x.h"
..\Src\MYHARDWARE\Src\uart_interrupt.c: 1 warning, 0 errors
compiling uart_printf.c...
compiling main.c...
../Src/main.c(105): warning:  #223-D: function "open_green_led" declared implicitly
  						open_green_led();
../Src/main.c: 1 warning, 0 errors
compiling system_stm32f1xx.c...
compiling stm32f1xx_hal_msp.c...
compiling stm32f1xx_it.c...
../Src/stm32f1xx_it.c(207): warning:  #223-D: function "open_green_led" declared implicitly
  				open_green_led();
../Src/stm32f1xx_it.c: 1 warning, 0 errors
compiling gpio.c...
compiling usart.c...
compiling stm32f1xx_hal_tim_ex.c...
compiling stm32f1xx_hal_gpio_ex.c...
compiling stm32f1xx_hal.c...
compiling stm32f1xx_hal_dma.c...
compiling stm32f1xx_hal_rcc_ex.c...
compiling stm32f1xx_hal_cortex.c...
compiling stm32f1xx_hal_flash.c...
compiling stm32f1xx_hal_rcc.c...
compiling stm32f1xx_hal_pwr.c...
compiling stm32f1xx_hal_tim.c...
compiling stm32f1xx_hal_gpio.c...
compiling stm32f1xx_hal_flash_ex.c...
compiling stm32f1xx_hal_uart.c...
linking...
Program Size: Code=4856 RO-data=360 RW-data=16 ZI-data=1088  
"myproject1\myproject1.axf" - 0 Error(s), 3 Warning(s).

<h2>Software Packages used:</h2>

Package Vendor: ARM
                http://www.keil.com/pack/ARM.CMSIS.5.0.1.pack
                ARM.CMSIS.5.0.1
                CMSIS (Cortex Microcontroller Software Interface Standard)
   * Component: CORE Version: 5.0.1

Package Vendor: Keil
                http://www.keil.com/pack/Keil.STM32F1xx_DFP.2.2.0.pack
                Keil.STM32F1xx_DFP.2.2.0
                STMicroelectronics STM32F1 Series Device Support, Drivers and Examples

<h2>Collection of Component include folders:</h2>
  .\RTE\_myproject1
  D:\soft\keil5\ARM\PACK\ARM\CMSIS\5.0.1\CMSIS\Include
  D:\soft\keil5\ARM\PACK\Keil\STM32F1xx_DFP\2.2.0\Device\Include

<h2>Collection of Component Files used:</h2>

   * Component: ARM::CMSIS:CORE:5.0.1
Build Time Elapsed:  00:00:12
</pre>
</body>
</html>
